Component: ARM Compiler 5.06 update 7 (build 960) Tool: armlink [4d3601]

==============================================================================

Section Cross References

    main.o(i.ADC0_IRQHandler) refers to fflti.o(.text) for __aeabi_ui2f
    main.o(i.ADC0_IRQHandler) refers to faddsub.o(x$fpl$fadd) for __aeabi_fadd
    main.o(i.ADC0_IRQHandler) refers to fdiv.o(.text) for __aeabi_fdiv
    main.o(i.ADC0_IRQHandler) refers to main.o(.data) for temp
    main.o(i.main) refers to _printf_percent.o(.ARM.Collect$$_printf_percent$$00000000) for _printf_percent
    main.o(i.main) refers to _printf_f.o(.ARM.Collect$$_printf_percent$$00000003) for _printf_f
    main.o(i.main) refers to printf1.o(x$fpl$printf1) for _printf_fp_dec
    main.o(i.main) refers to rt_memcpy.o(.emb_text) for __aeabi_memcpy4
    main.o(i.main) refers to lcd1602.o(i.LCD1602_Init) for LCD1602_Init
    main.o(i.main) refers to lcd1602.o(i.LCD1602_Backlight) for LCD1602_Backlight
    main.o(i.main) refers to lcd1602.o(i.LCD1602_Print) for LCD1602_Print
    main.o(i.main) refers to pit.o(i.PIT_Init) for PIT_Init
    main.o(i.main) refers to adc.o(i.ADC_Init) for ADC_Init
    main.o(i.main) refers to fmul.o(x$fpl$fmul) for __aeabi_fmul
    main.o(i.main) refers to f2d.o(.text) for __aeabi_f2d
    main.o(i.main) refers to noretval__2sprintf.o(.text) for __2sprintf
    main.o(i.main) refers to lcd1602.o(i.LCD1602_SetCursor) for LCD1602_SetCursor
    main.o(i.main) refers to main.o(.data) for wynik_ok
    i2c.o(i.I2C_Write) refers to i2c.o(i.i2c_enable) for i2c_enable
    i2c.o(i.I2C_Write) refers to i2c.o(i.i2c_tran) for i2c_tran
    i2c.o(i.I2C_Write) refers to i2c.o(i.i2c_m_start) for i2c_m_start
    i2c.o(i.I2C_Write) refers to i2c.o(i.i2c_send) for i2c_send
    i2c.o(i.I2C_Write) refers to i2c.o(i.i2c_wait) for i2c_wait
    i2c.o(i.I2C_Write) refers to i2c.o(i.i2c_m_stop) for i2c_m_stop
    i2c.o(i.I2C_Write) refers to i2c.o(i.i2c_disable) for i2c_disable
    i2c.o(i.I2C_Write) refers to i2c.o(.data) for error
    i2c.o(i.i2c_wait) refers to i2c.o(.data) for timeout
    lcd1602.o(i.LCD1602_Backlight) refers to lcd1602.o(i.PCF8574_Write) for PCF8574_Write
    lcd1602.o(i.LCD1602_Backlight) refers to lcd1602.o(.data) for lcd_backlight
    lcd1602.o(i.LCD1602_Blink_Off) refers to lcd1602.o(i.LCD1602_Write8) for LCD1602_Write8
    lcd1602.o(i.LCD1602_Blink_On) refers to lcd1602.o(i.LCD1602_Write8) for LCD1602_Write8
    lcd1602.o(i.LCD1602_CheckAddress) refers to i2c.o(i.I2C_Write) for I2C_Write
    lcd1602.o(i.LCD1602_CheckAddress) refers to lcd1602.o(.data) for pcf_address
    lcd1602.o(i.LCD1602_ClearAll) refers to lcd1602.o(i.LCD1602_Write8) for LCD1602_Write8
    lcd1602.o(i.LCD1602_Init) refers to i2c.o(i.I2C_Init) for I2C_Init
    lcd1602.o(i.LCD1602_Init) refers to lcd1602.o(i.LCD1602_CheckAddress) for LCD1602_CheckAddress
    lcd1602.o(i.LCD1602_Init) refers to lcd1602.o(i.LCD1602_Write8) for LCD1602_Write8
    lcd1602.o(i.LCD1602_Print) refers to lcd1602.o(i.LCD1602_Write8) for LCD1602_Write8
    lcd1602.o(i.LCD1602_PrintNum) refers to lcd1602.o(i.itoa) for itoa
    lcd1602.o(i.LCD1602_PrintNum) refers to lcd1602.o(i.LCD1602_Print) for LCD1602_Print
    lcd1602.o(i.LCD1602_SetCursor) refers to lcd1602.o(i.LCD1602_Write8) for LCD1602_Write8
    lcd1602.o(i.LCD1602_Write4) refers to lcd1602.o(i.PCF8574_Write) for PCF8574_Write
    lcd1602.o(i.LCD1602_Write8) refers to lcd1602.o(i.LCD1602_Write4) for LCD1602_Write4
    lcd1602.o(i.PCF8574_Write) refers to i2c.o(i.I2C_Write) for I2C_Write
    lcd1602.o(i.PCF8574_Write) refers to lcd1602.o(.data) for lcd_backlight
    lcd1602.o(i.itoa) refers to aeabi_sdiv.o(.text) for __aeabi_idivmod
    pit.o(i.PIT_Init) refers to aeabi_sdiv.o(.text) for __aeabi_uidivmod
    pit.o(i.PIT_Init) refers to system_mkl05z4.o(.data) for SystemCoreClock
    startup_mkl05z4.o(STACK) refers (Special) to heapauxi.o(.text) for __use_two_region_memory
    startup_mkl05z4.o(HEAP) refers (Special) to heapauxi.o(.text) for __use_two_region_memory
    startup_mkl05z4.o(RESET) refers (Special) to heapauxi.o(.text) for __use_two_region_memory
    startup_mkl05z4.o(RESET) refers to startup_mkl05z4.o(STACK) for __initial_sp
    startup_mkl05z4.o(RESET) refers to startup_mkl05z4.o(.text) for Reset_Handler
    startup_mkl05z4.o(RESET) refers to main.o(i.ADC0_IRQHandler) for ADC0_IRQHandler
    startup_mkl05z4.o(RESET) refers to main.o(i.PIT_IRQHandler) for PIT_IRQHandler
    startup_mkl05z4.o(.ARM.__at_0x400) refers (Special) to heapauxi.o(.text) for __use_two_region_memory
    startup_mkl05z4.o(.text) refers (Special) to heapauxi.o(.text) for __use_two_region_memory
    startup_mkl05z4.o(.text) refers to system_mkl05z4.o(i.SystemInit) for SystemInit
    startup_mkl05z4.o(.text) refers to __main.o(!!!main) for __main
    startup_mkl05z4.o(.text) refers to startup_mkl05z4.o(HEAP) for Heap_Mem
    startup_mkl05z4.o(.text) refers to startup_mkl05z4.o(STACK) for Stack_Mem
    system_mkl05z4.o(i.SystemCoreClockUpdate) refers to aeabi_sdiv.o(.text) for __aeabi_uidivmod
    system_mkl05z4.o(i.SystemCoreClockUpdate) refers to system_mkl05z4.o(i.__ARM_common_switch8) for __ARM_common_switch8
    system_mkl05z4.o(i.SystemCoreClockUpdate) refers to system_mkl05z4.o(.data) for SystemCoreClock
    __2sprintf.o(.text) refers to _printf_char_common.o(.text) for _printf_char_common
    __2sprintf.o(.text) refers to _sputc.o(.text) for _sputc
    noretval__2sprintf.o(.text) refers to _printf_char_common.o(.text) for _printf_char_common
    noretval__2sprintf.o(.text) refers to _sputc.o(.text) for _sputc
    __printf.o(.text) refers to _printf_percent.o(.ARM.Collect$$_printf_percent$$00000000) for _printf_percent
    __printf_flags.o(.text) refers to _printf_percent.o(.ARM.Collect$$_printf_percent$$00000000) for _printf_percent
    __printf_flags.o(.text) refers to __printf_flags.o(.constdata) for .constdata
    __printf_ss.o(.text) refers to _printf_percent.o(.ARM.Collect$$_printf_percent$$00000000) for _printf_percent
    __printf_flags_ss.o(.text) refers to _printf_percent.o(.ARM.Collect$$_printf_percent$$00000000) for _printf_percent
    __printf_flags_ss.o(.text) refers to __printf_flags_ss.o(.constdata) for .constdata
    __printf_wp.o(.text) refers to __printf_wp.o(i._is_digit) for _is_digit
    __printf_wp.o(.text) refers to _printf_percent.o(.ARM.Collect$$_printf_percent$$00000000) for _printf_percent
    __printf_flags_wp.o(.text) refers to __printf_wp.o(i._is_digit) for _is_digit
    __printf_flags_wp.o(.text) refers to _printf_percent.o(.ARM.Collect$$_printf_percent$$00000000) for _printf_percent
    __printf_flags_wp.o(.text) refers to __printf_flags_wp.o(.constdata) for .constdata
    __printf_ss_wp.o(.text) refers to __printf_wp.o(i._is_digit) for _is_digit
    __printf_ss_wp.o(.text) refers to _printf_percent.o(.ARM.Collect$$_printf_percent$$00000000) for _printf_percent
    __printf_flags_ss_wp.o(.text) refers to __printf_wp.o(i._is_digit) for _is_digit
    __printf_flags_ss_wp.o(.text) refers to _printf_percent.o(.ARM.Collect$$_printf_percent$$00000000) for _printf_percent
    __printf_flags_ss_wp.o(.text) refers to __printf_flags_ss_wp.o(.constdata) for .constdata
    _printf_f.o(.ARM.Collect$$_printf_percent$$00000003) refers (Weak) to printf1.o(x$fpl$printf1) for _printf_fp_dec
    _printf_percent.o(.ARM.Collect$$_printf_percent$$00000000) refers (Special) to _printf_percent_end.o(.ARM.Collect$$_printf_percent$$00000017) for _printf_percent_end
    rt_memcpy.o(.text) refers to rt_memcpy.o(.emb_text) for __aeabi_memcpy4
    __main.o(!!!main) refers to __rtentry.o(.ARM.Collect$$rtentry$$00000000) for __rt_entry
    f2d.o(.text) refers (Special) to usenofp.o(x$fpl$usenofp) for __I$use$fp
    faddsub.o(x$fpl$fadd) refers (Special) to usenofp.o(x$fpl$usenofp) for __I$use$fp
    faddsub.o(x$fpl$fadd) refers to faddsub.o(x$fpl$fsub) for _fsub1
    faddsub.o(x$fpl$frsb) refers (Special) to usenofp.o(x$fpl$usenofp) for __I$use$fp
    faddsub.o(x$fpl$frsb) refers to faddsub.o(x$fpl$fsub) for _fsub1
    faddsub.o(x$fpl$frsb) refers to faddsub.o(x$fpl$fadd) for _fadd1
    faddsub.o(x$fpl$fsub) refers (Special) to usenofp.o(x$fpl$usenofp) for __I$use$fp
    faddsub.o(x$fpl$fsub) refers to faddsub.o(x$fpl$fadd) for _fadd1
    fdiv.o(.text) refers (Special) to usenofp.o(x$fpl$usenofp) for __I$use$fp
    fdiv.o(.text) refers to fdiv.o(.constdata) for .constdata
    fdiv.o(.constdata) refers (Special) to usenofp.o(x$fpl$usenofp) for __I$use$fp
    fflti.o(.text) refers (Special) to usenofp.o(x$fpl$usenofp) for __I$use$fp
    fmul.o(x$fpl$fmul) refers (Special) to usenofp.o(x$fpl$usenofp) for __I$use$fp
    printf1.o(x$fpl$printf1) refers to _printf_fp_dec.o(.text) for _printf_fp_dec_real
    __rtentry.o(.ARM.Collect$$rtentry$$00000000) refers (Special) to __rtentry2.o(.ARM.Collect$$rtentry$$0000000A) for __rt_entry_li
    __rtentry.o(.ARM.Collect$$rtentry$$00000000) refers (Special) to __rtentry2.o(.ARM.Collect$$rtentry$$0000000D) for __rt_entry_main
    __rtentry.o(.ARM.Collect$$rtentry$$00000000) refers (Special) to __rtentry2.o(.ARM.Collect$$rtentry$$0000000C) for __rt_entry_postli_1
    __rtentry.o(.ARM.Collect$$rtentry$$00000000) refers (Special) to __rtentry2.o(.ARM.Collect$$rtentry$$00000009) for __rt_entry_postsh_1
    __rtentry.o(.ARM.Collect$$rtentry$$00000000) refers (Special) to __rtentry2.o(.ARM.Collect$$rtentry$$00000002) for __rt_entry_presh_1
    __rtentry.o(.ARM.Collect$$rtentry$$00000000) refers (Special) to __rtentry4.o(.ARM.Collect$$rtentry$$00000004) for __rt_entry_sh
    aeabi_idiv0_sigfpe.o(.text) refers to rt_div0.o(.text) for __rt_div0
    _printf_fp_dec.o(.text) refers (Special) to usenofp.o(x$fpl$usenofp) for __I$use$fp
    _printf_fp_dec.o(.text) refers (Special) to lc_numeric_c.o(locale$$code) for _get_lc_numeric
    _printf_fp_dec.o(.text) refers to bigflt0.o(.text) for _btod_etento
    _printf_fp_dec.o(.text) refers to btod.o(.text) for _btod_d2e
    _printf_fp_dec.o(.text) refers to lludiv10.o(.text) for _ll_udiv10
    _printf_fp_dec.o(.text) refers to fpclassify.o(i.__ARM_fpclassify) for __ARM_fpclassify
    _printf_fp_dec.o(.text) refers to _printf_fp_infnan.o(.text) for _printf_fp_infnan
    _printf_fp_dec.o(.text) refers to rtudiv10.o(.text) for __rt_udiv10
    _printf_fp_dec.o(.text) refers to rt_locale_intlibspace.o(.text) for __rt_locale
    _printf_char_common.o(.text) refers to __printf_wp.o(.text) for __printf
    __rtentry2.o(.ARM.Collect$$rtentry$$00000008) refers to boardinit2.o(.text) for _platform_post_stackheap_init
    __rtentry2.o(.ARM.Collect$$rtentry$$0000000A) refers to libinit.o(.ARM.Collect$$libinit$$00000000) for __rt_lib_init
    __rtentry2.o(.ARM.Collect$$rtentry$$0000000B) refers to boardinit3.o(.text) for _platform_post_lib_init
    __rtentry2.o(.ARM.Collect$$rtentry$$0000000D) refers to main.o(i.main) for main
    __rtentry2.o(.ARM.Collect$$rtentry$$0000000D) refers to exit.o(.text) for exit
    __rtentry2.o(.ARM.exidx) refers to __rtentry2.o(.ARM.Collect$$rtentry$$00000001) for .ARM.Collect$$rtentry$$00000001
    __rtentry2.o(.ARM.exidx) refers to __rtentry2.o(.ARM.Collect$$rtentry$$00000008) for .ARM.Collect$$rtentry$$00000008
    __rtentry2.o(.ARM.exidx) refers to __rtentry2.o(.ARM.Collect$$rtentry$$0000000A) for .ARM.Collect$$rtentry$$0000000A
    __rtentry2.o(.ARM.exidx) refers to __rtentry2.o(.ARM.Collect$$rtentry$$0000000B) for .ARM.Collect$$rtentry$$0000000B
    __rtentry2.o(.ARM.exidx) refers to __rtentry2.o(.ARM.Collect$$rtentry$$0000000D) for .ARM.Collect$$rtentry$$0000000D
    __rtentry4.o(.ARM.Collect$$rtentry$$00000004) refers to sys_stackheap_outer.o(.text) for __user_setup_stackheap
    __rtentry4.o(.ARM.exidx) refers to __rtentry4.o(.ARM.Collect$$rtentry$$00000004) for .ARM.Collect$$rtentry$$00000004
    rt_div0.o(.text) refers to defsig_fpe_outer.o(.text) for __rt_SIGFPE
    rt_locale.o(.text) refers to rt_locale.o(.bss) for __rt_locale_data
    rt_locale_intlibspace.o(.text) refers to libspace.o(.bss) for __libspace_start
    bigflt0.o(.text) refers (Special) to usenofp.o(x$fpl$usenofp) for __I$use$fp
    bigflt0.o(.text) refers to aeabi_sdiv.o(.text) for __aeabi_idivmod
    bigflt0.o(.text) refers to btod.o(.text) for _btod_emul
    bigflt0.o(.text) refers to bigflt0.o(.constdata) for .constdata
    bigflt0.o(.constdata) refers (Special) to usenofp.o(x$fpl$usenofp) for __I$use$fp
    btod.o(.text) refers to btod.o(i.__ARM_common_ll_muluu) for __ARM_common_ll_muluu
    lc_numeric_c.o(locale$$data) refers (Special) to libinit2.o(.ARM.Collect$$libinit$$00000016) for __rt_lib_init_lc_numeric_2
    lc_numeric_c.o(locale$$code) refers (Special) to libinit2.o(.ARM.Collect$$libinit$$00000016) for __rt_lib_init_lc_numeric_2
    lc_numeric_c.o(locale$$code) refers to strcmp.o(.text) for strcmp
    lc_numeric_c.o(locale$$code) refers to lc_numeric_c.o(locale$$data) for __lcnum_c_name
    ieee_status.o(.text) refers (Special) to usenofp.o(x$fpl$usenofp) for __I$use$fp
    fpclassify.o(i.__ARM_fpclassify) refers (Special) to usenofp.o(x$fpl$usenofp) for __I$use$fp
    libspace.o(.text) refers to libspace.o(.bss) for __libspace_start
    sys_stackheap_outer.o(.text) refers to libspace.o(.text) for __user_perproc_libspace
    sys_stackheap_outer.o(.text) refers to startup_mkl05z4.o(.text) for __user_initial_stackheap
    sys_stackheap_outer.o(__vectab_stack_and_reset_area) refers to tempstk.o(.text) for __temporary_stack_top
    sys_stackheap_outer.o(__vectab_stack_and_reset_area) refers to __main.o(!!!main) for __main
    exit.o(.text) refers to rtexit.o(.ARM.Collect$$rtexit$$00000000) for __rt_exit
    defsig_fpe_outer.o(.text) refers to defsig_fpe_inner.o(.text) for __rt_SIGFPE_inner
    defsig_fpe_outer.o(.text) refers to defsig_exit.o(.text) for __sig_exit
    defsig_fpe_formal.o(.text) refers to rt_raise.o(.text) for __rt_raise
    libinit.o(.ARM.Collect$$libinit$$00000000) refers (Special) to libinit2.o(.ARM.Collect$$libinit$$0000002E) for __rt_lib_init_alloca_1
    libinit.o(.ARM.Collect$$libinit$$00000000) refers (Special) to libinit2.o(.ARM.Collect$$libinit$$0000002C) for __rt_lib_init_argv_1
    libinit.o(.ARM.Collect$$libinit$$00000000) refers (Special) to libinit2.o(.ARM.Collect$$libinit$$0000001B) for __rt_lib_init_atexit_1
    libinit.o(.ARM.Collect$$libinit$$00000000) refers (Special) to libinit2.o(.ARM.Collect$$libinit$$00000021) for __rt_lib_init_clock_1
    libinit.o(.ARM.Collect$$libinit$$00000000) refers (Special) to libinit2.o(.ARM.Collect$$libinit$$00000032) for __rt_lib_init_cpp_1
    libinit.o(.ARM.Collect$$libinit$$00000000) refers (Special) to libinit2.o(.ARM.Collect$$libinit$$00000030) for __rt_lib_init_exceptions_1
    libinit.o(.ARM.Collect$$libinit$$00000000) refers (Special) to libinit2.o(.ARM.Collect$$libinit$$00000002) for __rt_lib_init_fp_1
    libinit.o(.ARM.Collect$$libinit$$00000000) refers (Special) to libinit2.o(.ARM.Collect$$libinit$$0000001F) for __rt_lib_init_fp_trap_1
    libinit.o(.ARM.Collect$$libinit$$00000000) refers (Special) to libinit2.o(.ARM.Collect$$libinit$$00000023) for __rt_lib_init_getenv_1
    libinit.o(.ARM.Collect$$libinit$$00000000) refers (Special) to libinit2.o(.ARM.Collect$$libinit$$0000000A) for __rt_lib_init_heap_1
    libinit.o(.ARM.Collect$$libinit$$00000000) refers (Special) to libinit2.o(.ARM.Collect$$libinit$$00000011) for __rt_lib_init_lc_collate_1
    libinit.o(.ARM.Collect$$libinit$$00000000) refers (Special) to libinit2.o(.ARM.Collect$$libinit$$00000013) for __rt_lib_init_lc_ctype_1
    libinit.o(.ARM.Collect$$libinit$$00000000) refers (Special) to libinit2.o(.ARM.Collect$$libinit$$00000015) for __rt_lib_init_lc_monetary_1
    libinit.o(.ARM.Collect$$libinit$$00000000) refers (Special) to libinit2.o(.ARM.Collect$$libinit$$00000017) for __rt_lib_init_lc_numeric_1
    libinit.o(.ARM.Collect$$libinit$$00000000) refers (Special) to libinit2.o(.ARM.Collect$$libinit$$00000019) for __rt_lib_init_lc_time_1
    libinit.o(.ARM.Collect$$libinit$$00000000) refers (Special) to libinit2.o(.ARM.Collect$$libinit$$00000004) for __rt_lib_init_preinit_1
    libinit.o(.ARM.Collect$$libinit$$00000000) refers (Special) to libinit2.o(.ARM.Collect$$libinit$$0000000E) for __rt_lib_init_rand_1
    libinit.o(.ARM.Collect$$libinit$$00000000) refers (Special) to libinit2.o(.ARM.Collect$$libinit$$00000033) for __rt_lib_init_return
    libinit.o(.ARM.Collect$$libinit$$00000000) refers (Special) to libinit2.o(.ARM.Collect$$libinit$$0000001D) for __rt_lib_init_signal_1
    libinit.o(.ARM.Collect$$libinit$$00000000) refers (Special) to libinit2.o(.ARM.Collect$$libinit$$00000025) for __rt_lib_init_stdio_1
    libinit.o(.ARM.Collect$$libinit$$00000000) refers (Special) to libinit2.o(.ARM.Collect$$libinit$$0000000C) for __rt_lib_init_user_alloc_1
    libinit2.o(.ARM.Collect$$libinit$$0000000F) refers (Weak) to rt_locale_intlibspace.o(.text) for __rt_locale
    libinit2.o(.ARM.Collect$$libinit$$00000010) refers to libinit2.o(.ARM.Collect$$libinit$$0000000F) for .ARM.Collect$$libinit$$0000000F
    libinit2.o(.ARM.Collect$$libinit$$00000012) refers to libinit2.o(.ARM.Collect$$libinit$$0000000F) for .ARM.Collect$$libinit$$0000000F
    libinit2.o(.ARM.Collect$$libinit$$00000014) refers to libinit2.o(.ARM.Collect$$libinit$$0000000F) for .ARM.Collect$$libinit$$0000000F
    libinit2.o(.ARM.Collect$$libinit$$00000016) refers to libinit2.o(.ARM.Collect$$libinit$$0000000F) for .ARM.Collect$$libinit$$0000000F
    libinit2.o(.ARM.Collect$$libinit$$00000016) refers (Weak) to lc_numeric_c.o(locale$$code) for _get_lc_numeric
    libinit2.o(.ARM.Collect$$libinit$$00000018) refers to libinit2.o(.ARM.Collect$$libinit$$0000000F) for .ARM.Collect$$libinit$$0000000F
    libinit2.o(.ARM.Collect$$libinit$$00000026) refers to argv_veneer.o(.text) for __ARM_argv_veneer
    libinit2.o(.ARM.Collect$$libinit$$00000027) refers to argv_veneer.o(.text) for __ARM_argv_veneer
    rtexit.o(.ARM.Collect$$rtexit$$00000000) refers (Special) to rtexit2.o(.ARM.Collect$$rtexit$$00000004) for __rt_exit_exit
    rtexit.o(.ARM.Collect$$rtexit$$00000000) refers (Special) to rtexit2.o(.ARM.Collect$$rtexit$$00000003) for __rt_exit_ls
    rtexit.o(.ARM.Collect$$rtexit$$00000000) refers (Special) to rtexit2.o(.ARM.Collect$$rtexit$$00000002) for __rt_exit_prels_1
    rtexit.o(.ARM.exidx) refers (Special) to rtexit2.o(.ARM.Collect$$rtexit$$00000004) for __rt_exit_exit
    rtexit.o(.ARM.exidx) refers (Special) to rtexit2.o(.ARM.Collect$$rtexit$$00000003) for __rt_exit_ls
    rtexit.o(.ARM.exidx) refers (Special) to rtexit2.o(.ARM.Collect$$rtexit$$00000002) for __rt_exit_prels_1
    rtexit.o(.ARM.exidx) refers to rtexit.o(.ARM.Collect$$rtexit$$00000000) for .ARM.Collect$$rtexit$$00000000
    rt_raise.o(.text) refers to __raise.o(.text) for __raise
    rt_raise.o(.text) refers to sys_exit.o(.text) for _sys_exit
    defsig_exit.o(.text) refers to sys_exit.o(.text) for _sys_exit
    defsig_fpe_inner.o(.text) refers to defsig_general.o(.text) for __default_signal_display
    sys_exit.o(.text) refers (Special) to use_no_semi.o(.text) for __I$use$semihosting
    sys_exit.o(.text) refers (Special) to indicate_semi.o(.text) for __semihosting_library_function
    rtexit2.o(.ARM.Collect$$rtexit$$00000003) refers to libshutdown.o(.ARM.Collect$$libshutdown$$00000000) for __rt_lib_shutdown
    rtexit2.o(.ARM.Collect$$rtexit$$00000004) refers to sys_exit.o(.text) for _sys_exit
    rtexit2.o(.ARM.exidx) refers to rtexit2.o(.ARM.Collect$$rtexit$$00000001) for .ARM.Collect$$rtexit$$00000001
    rtexit2.o(.ARM.exidx) refers to rtexit2.o(.ARM.Collect$$rtexit$$00000003) for .ARM.Collect$$rtexit$$00000003
    rtexit2.o(.ARM.exidx) refers to rtexit2.o(.ARM.Collect$$rtexit$$00000004) for .ARM.Collect$$rtexit$$00000004
    __raise.o(.text) refers to defsig.o(CL$$defsig) for __default_signal_handler
    defsig_general.o(.text) refers to sys_wrch.o(.text) for _ttywrch
    _get_argv_nomalloc.o(.text) refers (Special) to hrguard.o(.text) for __heap_region$guard
    _get_argv_nomalloc.o(.text) refers to defsig_rtmem_outer.o(.text) for __rt_SIGRTMEM
    _get_argv_nomalloc.o(.text) refers to sys_command.o(.text) for _sys_command_string
    sys_wrch.o(.text) refers (Special) to use_no_semi.o(.text) for __I$use$semihosting
    sys_wrch.o(.text) refers (Special) to indicate_semi.o(.text) for __semihosting_library_function
    sys_command.o(.text) refers (Special) to use_no_semi.o(.text) for __I$use$semihosting
    sys_command.o(.text) refers (Special) to indicate_semi.o(.text) for __semihosting_library_function
    defsig_rtmem_outer.o(.text) refers to defsig_rtmem_inner.o(.text) for __rt_SIGRTMEM_inner
    defsig_rtmem_outer.o(.text) refers to defsig_exit.o(.text) for __sig_exit
    defsig_rtmem_formal.o(.text) refers to rt_raise.o(.text) for __rt_raise
    defsig.o(CL$$defsig) refers to defsig_fpe_inner.o(.text) for __rt_SIGFPE_inner
    defsig.o(CL$$defsig) refers to defsig_rtmem_inner.o(.text) for __rt_SIGRTMEM_inner
    libshutdown.o(.ARM.Collect$$libshutdown$$00000000) refers (Special) to libshutdown2.o(.ARM.Collect$$libshutdown$$00000004) for __rt_lib_shutdown_cpp_1
    libshutdown.o(.ARM.Collect$$libshutdown$$00000000) refers (Special) to libshutdown2.o(.ARM.Collect$$libshutdown$$00000002) for __rt_lib_shutdown_fini_1
    libshutdown.o(.ARM.Collect$$libshutdown$$00000000) refers (Special) to libshutdown2.o(.ARM.Collect$$libshutdown$$00000009) for __rt_lib_shutdown_fp_trap_1
    libshutdown.o(.ARM.Collect$$libshutdown$$00000000) refers (Special) to libshutdown2.o(.ARM.Collect$$libshutdown$$00000011) for __rt_lib_shutdown_heap_1
    libshutdown.o(.ARM.Collect$$libshutdown$$00000000) refers (Special) to libshutdown2.o(.ARM.Collect$$libshutdown$$00000012) for __rt_lib_shutdown_return
    libshutdown.o(.ARM.Collect$$libshutdown$$00000000) refers (Special) to libshutdown2.o(.ARM.Collect$$libshutdown$$0000000C) for __rt_lib_shutdown_signal_1
    libshutdown.o(.ARM.Collect$$libshutdown$$00000000) refers (Special) to libshutdown2.o(.ARM.Collect$$libshutdown$$00000006) for __rt_lib_shutdown_stdio_1
    libshutdown.o(.ARM.Collect$$libshutdown$$00000000) refers (Special) to libshutdown2.o(.ARM.Collect$$libshutdown$$0000000E) for __rt_lib_shutdown_user_alloc_1
    defsig_abrt_inner.o(.text) refers to defsig_general.o(.text) for __default_signal_display
    defsig_rtred_inner.o(.text) refers to defsig_general.o(.text) for __default_signal_display
    defsig_rtmem_inner.o(.text) refers to defsig_general.o(.text) for __default_signal_display
    defsig_stak_inner.o(.text) refers to defsig_general.o(.text) for __default_signal_display
    defsig_pvfn_inner.o(.text) refers to defsig_general.o(.text) for __default_signal_display
    defsig_cppl_inner.o(.text) refers to defsig_general.o(.text) for __default_signal_display
    defsig_segv_inner.o(.text) refers to defsig_general.o(.text) for __default_signal_display
    defsig_other.o(.text) refers to defsig_general.o(.text) for __default_signal_display


==============================================================================

Removing Unused input sections from the image.

    Removing main.o(.rev16_text), (4 bytes).
    Removing main.o(.revsh_text), (4 bytes).
    Removing adc.o(.rev16_text), (4 bytes).
    Removing adc.o(.revsh_text), (4 bytes).
    Removing i2c.o(.rev16_text), (4 bytes).
    Removing i2c.o(.revsh_text), (4 bytes).
    Removing i2c.o(i.i2c_m_rstart), (20 bytes).
    Removing lcd1602.o(.rev16_text), (4 bytes).
    Removing lcd1602.o(.revsh_text), (4 bytes).
    Removing lcd1602.o(i.LCD1602_Blink_Off), (12 bytes).
    Removing lcd1602.o(i.LCD1602_Blink_On), (12 bytes).
    Removing lcd1602.o(i.LCD1602_ClearAll), (12 bytes).
    Removing lcd1602.o(i.LCD1602_PrintNum), (40 bytes).
    Removing lcd1602.o(i.itoa), (108 bytes).
    Removing pit.o(.rev16_text), (4 bytes).
    Removing pit.o(.revsh_text), (4 bytes).
    Removing system_mkl05z4.o(.rev16_text), (4 bytes).
    Removing system_mkl05z4.o(.revsh_text), (4 bytes).
    Removing system_mkl05z4.o(i.SystemCoreClockUpdate), (280 bytes).
    Removing system_mkl05z4.o(i.__ARM_common_switch8), (28 bytes).

20 unused section(s) (total 560 bytes) removed from the image.

==============================================================================

Image Symbol Table

    Local Symbols

    Symbol Name                              Value     Ov Type        Size  Object(Section)

    RESET                                    0x00000000   Section      192  startup_mkl05z4.o(RESET)
    ../clib/angel/boardlib.s                 0x00000000   Number         0  boardinit3.o ABSOLUTE
    ../clib/angel/boardlib.s                 0x00000000   Number         0  boardinit2.o ABSOLUTE
    ../clib/angel/boardlib.s                 0x00000000   Number         0  boardshut.o ABSOLUTE
    ../clib/angel/boardlib.s                 0x00000000   Number         0  boardinit1.o ABSOLUTE
    ../clib/angel/handlers.s                 0x00000000   Number         0  __scatter_copy.o ABSOLUTE
    ../clib/angel/handlers.s                 0x00000000   Number         0  __scatter_zi.o ABSOLUTE
    ../clib/angel/kernel.s                   0x00000000   Number         0  __rtentry2.o ABSOLUTE
    ../clib/angel/kernel.s                   0x00000000   Number         0  rtexit.o ABSOLUTE
    ../clib/angel/kernel.s                   0x00000000   Number         0  __rtentry.o ABSOLUTE
    ../clib/angel/kernel.s                   0x00000000   Number         0  rtexit2.o ABSOLUTE
    ../clib/angel/kernel.s                   0x00000000   Number         0  __rtentry4.o ABSOLUTE
    ../clib/angel/rt.s                       0x00000000   Number         0  rt_locale.o ABSOLUTE
    ../clib/angel/rt.s                       0x00000000   Number         0  rt_locale_intlibspace.o ABSOLUTE
    ../clib/angel/rt.s                       0x00000000   Number         0  rt_raise.o ABSOLUTE
    ../clib/angel/rt.s                       0x00000000   Number         0  rt_div0.o ABSOLUTE
    ../clib/angel/rt.s                       0x00000000   Number         0  aeabi_idiv0_sigfpe.o ABSOLUTE
    ../clib/angel/rt.s                       0x00000000   Number         0  aeabi_idiv0.o ABSOLUTE
    ../clib/angel/scatterp.s                 0x00000000   Number         0  __scatter.o ABSOLUTE
    ../clib/angel/startup.s                  0x00000000   Number         0  __main.o ABSOLUTE
    ../clib/angel/sys.s                      0x00000000   Number         0  indicate_semi.o ABSOLUTE
    ../clib/angel/sys.s                      0x00000000   Number         0  tempstk.o ABSOLUTE
    ../clib/angel/sys.s                      0x00000000   Number         0  libspace.o ABSOLUTE
    ../clib/angel/sys.s                      0x00000000   Number         0  use_no_semi.o ABSOLUTE
    ../clib/angel/sys.s                      0x00000000   Number         0  sys_stackheap_outer.o ABSOLUTE
    ../clib/angel/sysapp.c                   0x00000000   Number         0  sys_command.o ABSOLUTE
    ../clib/angel/sysapp.c                   0x00000000   Number         0  sys_exit.o ABSOLUTE
    ../clib/angel/sysapp.c                   0x00000000   Number         0  sys_wrch.o ABSOLUTE
    ../clib/armsys.c                         0x00000000   Number         0  no_argv.o ABSOLUTE
    ../clib/armsys.c                         0x00000000   Number         0  argv_veneer.o ABSOLUTE
    ../clib/armsys.c                         0x00000000   Number         0  _get_argv_nomalloc.o ABSOLUTE
    ../clib/bigflt.c                         0x00000000   Number         0  bigflt0.o ABSOLUTE
    ../clib/btod.c                           0x00000000   Number         0  btod.o ABSOLUTE
    ../clib/division.c                       0x00000000   Number         0  rtudiv10.o ABSOLUTE
    ../clib/division.c                       0x00000000   Number         0  lludiv10.o ABSOLUTE
    ../clib/division.s                       0x00000000   Number         0  aeabi_sdiv_div0.o ABSOLUTE
    ../clib/division.s                       0x00000000   Number         0  aeabi_sdiv.o ABSOLUTE
    ../clib/heapalloc.c                      0x00000000   Number         0  hrguard.o ABSOLUTE
    ../clib/heapaux.c                        0x00000000   Number         0  heapauxi.o ABSOLUTE
    ../clib/libinit.s                        0x00000000   Number         0  libinit.o ABSOLUTE
    ../clib/libinit.s                        0x00000000   Number         0  libinit2.o ABSOLUTE
    ../clib/libinit.s                        0x00000000   Number         0  libshutdown.o ABSOLUTE
    ../clib/libinit.s                        0x00000000   Number         0  libshutdown2.o ABSOLUTE
    ../clib/locale.s                         0x00000000   Number         0  lc_numeric_c.o ABSOLUTE
    ../clib/memcpset.c                       0x00000000   Number         0  rt_memcpy.o ABSOLUTE
    ../clib/memcpset.c                       0x00000000   Number         0  rt_memcpy.o ABSOLUTE
    ../clib/misc.s                           0x00000000   Number         0  printf_stubs.o ABSOLUTE
    ../clib/printf.c                         0x00000000   Number         0  __printf_ss_wp.o ABSOLUTE
    ../clib/printf.c                         0x00000000   Number         0  __printf_flags_ss_wp.o ABSOLUTE
    ../clib/printf.c                         0x00000000   Number         0  _printf_fp_dec.o ABSOLUTE
    ../clib/printf.c                         0x00000000   Number         0  _printf_char_common.o ABSOLUTE
    ../clib/printf.c                         0x00000000   Number         0  _sputc.o ABSOLUTE
    ../clib/printf.c                         0x00000000   Number         0  _printf_fp_infnan.o ABSOLUTE
    ../clib/printf.c                         0x00000000   Number         0  __2sprintf.o ABSOLUTE
    ../clib/printf.c                         0x00000000   Number         0  noretval__2sprintf.o ABSOLUTE
    ../clib/printf.c                         0x00000000   Number         0  __printf_nopercent.o ABSOLUTE
    ../clib/printf.c                         0x00000000   Number         0  __printf.o ABSOLUTE
    ../clib/printf.c                         0x00000000   Number         0  __printf_flags.o ABSOLUTE
    ../clib/printf.c                         0x00000000   Number         0  __printf_ss.o ABSOLUTE
    ../clib/printf.c                         0x00000000   Number         0  __printf_flags_ss.o ABSOLUTE
    ../clib/printf.c                         0x00000000   Number         0  __printf_wp.o ABSOLUTE
    ../clib/printf.c                         0x00000000   Number         0  __printf_flags_wp.o ABSOLUTE
    ../clib/printf_percent.s                 0x00000000   Number         0  _printf_percent.o ABSOLUTE
    ../clib/printf_percent.s                 0x00000000   Number         0  _printf_percent_end.o ABSOLUTE
    ../clib/printf_percent.s                 0x00000000   Number         0  _printf_f.o ABSOLUTE
    ../clib/signal.c                         0x00000000   Number         0  defsig_rtmem_formal.o ABSOLUTE
    ../clib/signal.c                         0x00000000   Number         0  defsig_abrt_inner.o ABSOLUTE
    ../clib/signal.c                         0x00000000   Number         0  defsig_rtred_inner.o ABSOLUTE
    ../clib/signal.c                         0x00000000   Number         0  defsig_exit.o ABSOLUTE
    ../clib/signal.c                         0x00000000   Number         0  defsig_rtmem_inner.o ABSOLUTE
    ../clib/signal.c                         0x00000000   Number         0  defsig_stak_inner.o ABSOLUTE
    ../clib/signal.c                         0x00000000   Number         0  defsig_pvfn_inner.o ABSOLUTE
    ../clib/signal.c                         0x00000000   Number         0  defsig_fpe_outer.o ABSOLUTE
    ../clib/signal.c                         0x00000000   Number         0  defsig_cppl_inner.o ABSOLUTE
    ../clib/signal.c                         0x00000000   Number         0  defsig_segv_inner.o ABSOLUTE
    ../clib/signal.c                         0x00000000   Number         0  defsig_rtmem_outer.o ABSOLUTE
    ../clib/signal.c                         0x00000000   Number         0  defsig_other.o ABSOLUTE
    ../clib/signal.c                         0x00000000   Number         0  __raise.o ABSOLUTE
    ../clib/signal.c                         0x00000000   Number         0  defsig_fpe_formal.o ABSOLUTE
    ../clib/signal.c                         0x00000000   Number         0  defsig_general.o ABSOLUTE
    ../clib/signal.c                         0x00000000   Number         0  defsig_fpe_inner.o ABSOLUTE
    ../clib/signal.s                         0x00000000   Number         0  defsig.o ABSOLUTE
    ../clib/stdlib.c                         0x00000000   Number         0  exit.o ABSOLUTE
    ../clib/string.c                         0x00000000   Number         0  strcmp.o ABSOLUTE
    ../fplib/cfplib/f2d.c                    0x00000000   Number         0  f2d.o ABSOLUTE
    ../fplib/cfplib/fdiv.c                   0x00000000   Number         0  fdiv.o ABSOLUTE
    ../fplib/cfplib/fflt.c                   0x00000000   Number         0  fflti.o ABSOLUTE
    ../fplib/cfplib/fpinit.c                 0x00000000   Number         0  fpinit.o ABSOLUTE
    ../fplib/cfplib/ieee_status.c            0x00000000   Number         0  ieee_status.o ABSOLUTE
    ../fplib/faddsub6m.s                     0x00000000   Number         0  faddsub.o ABSOLUTE
    ../fplib/fmul6m.s                        0x00000000   Number         0  fmul.o ABSOLUTE
    ../fplib/printf1.s                       0x00000000   Number         0  printf1.o ABSOLUTE
    ../fplib/usenofp.s                       0x00000000   Number         0  usenofp.o ABSOLUTE
    ../mathlib/fpclassify.c                  0x00000000   Number         0  fpclassify.o ABSOLUTE
    ADC.c                                    0x00000000   Number         0  adc.o ABSOLUTE
    ADC.c                                    0x00000000   Number         0  adc.o ABSOLUTE
    RTE\Device\MKL05Z32xxx4\startup_MKL05Z4.s 0x00000000   Number         0  startup_mkl05z4.o ABSOLUTE
    RTE\Device\MKL05Z32xxx4\system_MKL05Z4.c 0x00000000   Number         0  system_mkl05z4.o ABSOLUTE
    RTE\\Device\\MKL05Z32xxx4\\system_MKL05Z4.c 0x00000000   Number         0  system_mkl05z4.o ABSOLUTE
    dc.s                                     0x00000000   Number         0  dc.o ABSOLUTE
    i2c.c                                    0x00000000   Number         0  i2c.o ABSOLUTE
    i2c.c                                    0x00000000   Number         0  i2c.o ABSOLUTE
    lcd1602.c                                0x00000000   Number         0  lcd1602.o ABSOLUTE
    lcd1602.c                                0x00000000   Number         0  lcd1602.o ABSOLUTE
    main.c                                   0x00000000   Number         0  main.o ABSOLUTE
    main.c                                   0x00000000   Number         0  main.o ABSOLUTE
    pit.c                                    0x00000000   Number         0  pit.o ABSOLUTE
    pit.c                                    0x00000000   Number         0  pit.o ABSOLUTE
    !!!main                                  0x000000c0   Section        8  __main.o(!!!main)
    !!!scatter                               0x000000c8   Section       60  __scatter.o(!!!scatter)
    !!handler_copy                           0x00000104   Section       26  __scatter_copy.o(!!handler_copy)
    !!handler_zi                             0x00000120   Section       28  __scatter_zi.o(!!handler_zi)
    .ARM.Collect$$_printf_percent$$00000000  0x0000013c   Section        2  _printf_percent.o(.ARM.Collect$$_printf_percent$$00000000)
    .ARM.Collect$$_printf_percent$$00000003  0x0000013e   Section       10  _printf_f.o(.ARM.Collect$$_printf_percent$$00000003)
    .ARM.Collect$$_printf_percent$$00000017  0x00000148   Section        4  _printf_percent_end.o(.ARM.Collect$$_printf_percent$$00000017)
    .ARM.Collect$$libinit$$00000000          0x0000014c   Section        2  libinit.o(.ARM.Collect$$libinit$$00000000)
    .ARM.Collect$$libinit$$00000002          0x0000014e   Section        0  libinit2.o(.ARM.Collect$$libinit$$00000002)
    .ARM.Collect$$libinit$$00000004          0x0000014e   Section        0  libinit2.o(.ARM.Collect$$libinit$$00000004)
    .ARM.Collect$$libinit$$0000000A          0x0000014e   Section        0  libinit2.o(.ARM.Collect$$libinit$$0000000A)
    .ARM.Collect$$libinit$$0000000C          0x0000014e   Section        0  libinit2.o(.ARM.Collect$$libinit$$0000000C)
    .ARM.Collect$$libinit$$0000000E          0x0000014e   Section        0  libinit2.o(.ARM.Collect$$libinit$$0000000E)
    .ARM.Collect$$libinit$$0000000F          0x0000014e   Section        6  libinit2.o(.ARM.Collect$$libinit$$0000000F)
    .ARM.Collect$$libinit$$00000011          0x00000154   Section        0  libinit2.o(.ARM.Collect$$libinit$$00000011)
    .ARM.Collect$$libinit$$00000013          0x00000154   Section        0  libinit2.o(.ARM.Collect$$libinit$$00000013)
    .ARM.Collect$$libinit$$00000015          0x00000154   Section        0  libinit2.o(.ARM.Collect$$libinit$$00000015)
    .ARM.Collect$$libinit$$00000016          0x00000154   Section       10  libinit2.o(.ARM.Collect$$libinit$$00000016)
    .ARM.Collect$$libinit$$00000017          0x0000015e   Section        0  libinit2.o(.ARM.Collect$$libinit$$00000017)
    .ARM.Collect$$libinit$$00000019          0x0000015e   Section        0  libinit2.o(.ARM.Collect$$libinit$$00000019)
    .ARM.Collect$$libinit$$0000001B          0x0000015e   Section        0  libinit2.o(.ARM.Collect$$libinit$$0000001B)
    .ARM.Collect$$libinit$$0000001D          0x0000015e   Section        0  libinit2.o(.ARM.Collect$$libinit$$0000001D)
    .ARM.Collect$$libinit$$0000001F          0x0000015e   Section        0  libinit2.o(.ARM.Collect$$libinit$$0000001F)
    .ARM.Collect$$libinit$$00000021          0x0000015e   Section        0  libinit2.o(.ARM.Collect$$libinit$$00000021)
    .ARM.Collect$$libinit$$00000023          0x0000015e   Section        0  libinit2.o(.ARM.Collect$$libinit$$00000023)
    .ARM.Collect$$libinit$$00000025          0x0000015e   Section        0  libinit2.o(.ARM.Collect$$libinit$$00000025)
    .ARM.Collect$$libinit$$0000002C          0x0000015e   Section        0  libinit2.o(.ARM.Collect$$libinit$$0000002C)
    .ARM.Collect$$libinit$$0000002E          0x0000015e   Section        0  libinit2.o(.ARM.Collect$$libinit$$0000002E)
    .ARM.Collect$$libinit$$00000030          0x0000015e   Section        0  libinit2.o(.ARM.Collect$$libinit$$00000030)
    .ARM.Collect$$libinit$$00000032          0x0000015e   Section        0  libinit2.o(.ARM.Collect$$libinit$$00000032)
    .ARM.Collect$$libinit$$00000033          0x0000015e   Section        2  libinit2.o(.ARM.Collect$$libinit$$00000033)
    .ARM.Collect$$libshutdown$$00000000      0x00000160   Section        2  libshutdown.o(.ARM.Collect$$libshutdown$$00000000)
    .ARM.Collect$$libshutdown$$00000002      0x00000162   Section        0  libshutdown2.o(.ARM.Collect$$libshutdown$$00000002)
    .ARM.Collect$$libshutdown$$00000004      0x00000162   Section        0  libshutdown2.o(.ARM.Collect$$libshutdown$$00000004)
    .ARM.Collect$$libshutdown$$00000006      0x00000162   Section        0  libshutdown2.o(.ARM.Collect$$libshutdown$$00000006)
    .ARM.Collect$$libshutdown$$00000009      0x00000162   Section        0  libshutdown2.o(.ARM.Collect$$libshutdown$$00000009)
    .ARM.Collect$$libshutdown$$0000000C      0x00000162   Section        0  libshutdown2.o(.ARM.Collect$$libshutdown$$0000000C)
    .ARM.Collect$$libshutdown$$0000000E      0x00000162   Section        0  libshutdown2.o(.ARM.Collect$$libshutdown$$0000000E)
    .ARM.Collect$$libshutdown$$00000011      0x00000162   Section        0  libshutdown2.o(.ARM.Collect$$libshutdown$$00000011)
    .ARM.Collect$$libshutdown$$00000012      0x00000162   Section        2  libshutdown2.o(.ARM.Collect$$libshutdown$$00000012)
    .ARM.Collect$$rtentry$$00000000          0x00000164   Section        0  __rtentry.o(.ARM.Collect$$rtentry$$00000000)
    .ARM.Collect$$rtentry$$00000002          0x00000164   Section        0  __rtentry2.o(.ARM.Collect$$rtentry$$00000002)
    .ARM.Collect$$rtentry$$00000004          0x00000164   Section        6  __rtentry4.o(.ARM.Collect$$rtentry$$00000004)
    .ARM.Collect$$rtentry$$00000009          0x0000016a   Section        0  __rtentry2.o(.ARM.Collect$$rtentry$$00000009)
    .ARM.Collect$$rtentry$$0000000A          0x0000016a   Section        4  __rtentry2.o(.ARM.Collect$$rtentry$$0000000A)
    .ARM.Collect$$rtentry$$0000000C          0x0000016e   Section        0  __rtentry2.o(.ARM.Collect$$rtentry$$0000000C)
    .ARM.Collect$$rtentry$$0000000D          0x0000016e   Section        8  __rtentry2.o(.ARM.Collect$$rtentry$$0000000D)
    .ARM.Collect$$rtexit$$00000000           0x00000176   Section        2  rtexit.o(.ARM.Collect$$rtexit$$00000000)
    .ARM.Collect$$rtexit$$00000002           0x00000178   Section        0  rtexit2.o(.ARM.Collect$$rtexit$$00000002)
    .ARM.Collect$$rtexit$$00000003           0x00000178   Section        4  rtexit2.o(.ARM.Collect$$rtexit$$00000003)
    .ARM.Collect$$rtexit$$00000004           0x0000017c   Section        6  rtexit2.o(.ARM.Collect$$rtexit$$00000004)
    .emb_text                                0x00000184   Section       56  rt_memcpy.o(.emb_text)
    .text                                    0x000001bc   Section       52  startup_mkl05z4.o(.text)
    .text                                    0x000001f0   Section        0  noretval__2sprintf.o(.text)
    .text                                    0x00000218   Section        0  __printf_wp.o(.text)
    .text                                    0x00000326   Section        0  heapauxi.o(.text)
    .text                                    0x0000032c   Section        0  f2d.o(.text)
    .text                                    0x00000380   Section        0  fflti.o(.text)
    .text                                    0x000003de   Section        0  _sputc.o(.text)
    .text                                    0x000003e8   Section        8  rt_locale_intlibspace.o(.text)
    .text                                    0x000003f0   Section        8  libspace.o(.text)
    .text                                    0x000003f8   Section        2  use_no_semi.o(.text)
    .text                                    0x000003fa   Section        0  indicate_semi.o(.text)
    x$fpl$usenofp                            0x000003fa   Section        0  usenofp.o(x$fpl$usenofp)
    .ARM.__at_0x400                          0x00000400   Section       16  startup_mkl05z4.o(.ARM.__at_0x400)
    .text                                    0x00000410   Section      346  aeabi_sdiv.o(.text)
    .text                                    0x0000056c   Section        0  fdiv.o(.text)
    .text                                    0x000006cc   Section        0  _printf_fp_dec.o(.text)
    _fp_digits                               0x000006cf   Thumb Code   412  _printf_fp_dec.o(.text)
    .text                                    0x00000ae4   Section        0  _printf_char_common.o(.text)
    _printf_input_char                       0x00000ae5   Thumb Code    10  _printf_char_common.o(.text)
    .text                                    0x00000b14   Section        0  lludiv10.o(.text)
    .text                                    0x00000b90   Section        0  _printf_fp_infnan.o(.text)
    .text                                    0x00000c18   Section        0  bigflt0.o(.text)
    .text                                    0x00000cf0   Section        0  btod.o(.text)
    btod_internal_mul                        0x00000d31   Thumb Code   492  btod.o(.text)
    btod_internal_div                        0x00000f1d   Thumb Code   520  btod.o(.text)
    .text                                    0x00001270   Section        0  rtudiv10.o(.text)
    .text                                    0x00001298   Section       62  sys_stackheap_outer.o(.text)
    .text                                    0x000012d6   Section        0  exit.o(.text)
    .text                                    0x000012e8   Section        0  strcmp.o(.text)
    .text                                    0x00001370   Section        0  sys_exit.o(.text)
    i.ADC0_IRQHandler                        0x0000137c   Section        0  main.o(i.ADC0_IRQHandler)
    i.ADC_Init                               0x0000140c   Section        0  adc.o(i.ADC_Init)
    i.I2C_Init                               0x0000153c   Section        0  i2c.o(i.I2C_Init)
    i.I2C_Write                              0x000015d0   Section        0  i2c.o(i.I2C_Write)
    i.LCD1602_Backlight                      0x00001610   Section        0  lcd1602.o(i.LCD1602_Backlight)
    i.LCD1602_CheckAddress                   0x00001624   Section        0  lcd1602.o(i.LCD1602_CheckAddress)
    i.LCD1602_Init                           0x00001658   Section        0  lcd1602.o(i.LCD1602_Init)
    i.LCD1602_Print                          0x000016a8   Section        0  lcd1602.o(i.LCD1602_Print)
    i.LCD1602_SetCursor                      0x000016c4   Section        0  lcd1602.o(i.LCD1602_SetCursor)
    i.LCD1602_Write4                         0x000016e4   Section        0  lcd1602.o(i.LCD1602_Write4)
    i.LCD1602_Write8                         0x00001734   Section        0  lcd1602.o(i.LCD1602_Write8)
    i.PCF8574_Write                          0x00001750   Section        0  lcd1602.o(i.PCF8574_Write)
    i.PIT_IRQHandler                         0x00001778   Section        0  main.o(i.PIT_IRQHandler)
    i.PIT_Init                               0x0000179c   Section        0  pit.o(i.PIT_Init)
    i.SystemInit                             0x00001818   Section        0  system_mkl05z4.o(i.SystemInit)
    i.__ARM_common_ll_muluu                  0x00001874   Section        0  btod.o(i.__ARM_common_ll_muluu)
    i.__ARM_fpclassify                       0x000018a4   Section        0  fpclassify.o(i.__ARM_fpclassify)
    i._is_digit                              0x000018d0   Section        0  __printf_wp.o(i._is_digit)
    i.i2c_disable                            0x000018e0   Section        0  i2c.o(i.i2c_disable)
    i.i2c_enable                             0x000018f4   Section        0  i2c.o(i.i2c_enable)
    i.i2c_m_start                            0x00001908   Section        0  i2c.o(i.i2c_m_start)
    i.i2c_m_stop                             0x0000191c   Section        0  i2c.o(i.i2c_m_stop)
    i.i2c_send                               0x00001930   Section        0  i2c.o(i.i2c_send)
    i.i2c_tran                               0x0000193c   Section        0  i2c.o(i.i2c_tran)
    i.i2c_wait                               0x00001950   Section        0  i2c.o(i.i2c_wait)
    i.main                                   0x000019c4   Section        0  main.o(i.main)
    locale$$code                             0x00001a70   Section       44  lc_numeric_c.o(locale$$code)
    x$fpl$fadd                               0x00001a9c   Section      140  faddsub.o(x$fpl$fadd)
    _fadd1                                   0x00001aa9   Thumb Code     0  faddsub.o(x$fpl$fadd)
    x$fpl$fmul                               0x00001b28   Section      176  fmul.o(x$fpl$fmul)
    x$fpl$fsub                               0x00001bd8   Section      208  faddsub.o(x$fpl$fsub)
    _fsub1                                   0x00001be5   Thumb Code     0  faddsub.o(x$fpl$fsub)
    x$fpl$printf1                            0x00001ca8   Section       16  printf1.o(x$fpl$printf1)
    .constdata                               0x00001cb8   Section       64  fdiv.o(.constdata)
    fdiv_tab                                 0x00001cb8   Data          64  fdiv.o(.constdata)
    .constdata                               0x00001cf8   Section      148  bigflt0.o(.constdata)
    tenpwrs_x                                0x00001cf8   Data          60  bigflt0.o(.constdata)
    tenpwrs_i                                0x00001d34   Data          64  bigflt0.o(.constdata)
    locale$$data                             0x00001dac   Section       28  lc_numeric_c.o(locale$$data)
    __lcnum_c_name                           0x00001db0   Data           2  lc_numeric_c.o(locale$$data)
    __lcnum_c_start                          0x00001db8   Data           0  lc_numeric_c.o(locale$$data)
    __lcnum_c_point                          0x00001dc4   Data           0  lc_numeric_c.o(locale$$data)
    __lcnum_c_thousands                      0x00001dc6   Data           0  lc_numeric_c.o(locale$$data)
    __lcnum_c_grouping                       0x00001dc7   Data           0  lc_numeric_c.o(locale$$data)
    __lcnum_c_end                            0x00001dc8   Data           0  lc_numeric_c.o(locale$$data)
    .data                                    0x1ffffc00   Section       20  main.o(.data)
    .data                                    0x1ffffc14   Section        4  i2c.o(.data)
    error                                    0x1ffffc14   Data           1  i2c.o(.data)
    timeout                                  0x1ffffc16   Data           2  i2c.o(.data)
    .data                                    0x1ffffc18   Section        2  lcd1602.o(.data)
    lcd_backlight                            0x1ffffc18   Data           1  lcd1602.o(.data)
    pcf_address                              0x1ffffc19   Data           1  lcd1602.o(.data)
    .data                                    0x1ffffc1c   Section        4  system_mkl05z4.o(.data)
    .bss                                     0x1ffffc20   Section       96  libspace.o(.bss)
    HEAP                                     0x1ffffc80   Section        0  startup_mkl05z4.o(HEAP)
    STACK                                    0x1ffffc80   Section      256  startup_mkl05z4.o(STACK)
    Heap_Mem                                 0x1ffffc80   Data           0  startup_mkl05z4.o(HEAP)
    Stack_Mem                                0x1ffffc80   Data         256  startup_mkl05z4.o(STACK)
    __initial_sp                             0x1ffffd80   Data           0  startup_mkl05z4.o(STACK)

    Global Symbols

    Symbol Name                              Value     Ov Type        Size  Object(Section)

    BuildAttributes$$THM_ISAv3M$S$PE$A:L22$X:L11$S22$IEEE1$IW$USESV6$~STKCKD$USESV7$~SHL$OTIME$ROPI$IEEEJ$EBA8$UX$STANDARDLIB$REQ8$PRES8$EABIv2 0x00000000   Number         0  anon$$obj.o ABSOLUTE
    __ARM_use_no_argv                        0x00000000   Number         0  main.o ABSOLUTE
    __Vectors                                0x00000000   Data           4  startup_mkl05z4.o(RESET)
    _printf_flags                            0x00000000   Number         0  printf_stubs.o ABSOLUTE
    _printf_return_value                     0x00000000   Number         0  printf_stubs.o ABSOLUTE
    _printf_sizespec                         0x00000000   Number         0  printf_stubs.o ABSOLUTE
    _printf_widthprec                        0x00000000   Number         0  printf_stubs.o ABSOLUTE
    __ARM_exceptions_init                     - Undefined Weak Reference
    __alloca_initialize                       - Undefined Weak Reference
    __arm_fini_                               - Undefined Weak Reference
    __arm_preinit_                            - Undefined Weak Reference
    __cpp_initialize__aeabi_                  - Undefined Weak Reference
    __cxa_finalize                            - Undefined Weak Reference
    __sigvec_lookup                           - Undefined Weak Reference
    _atexit_init                              - Undefined Weak Reference
    _call_atexit_fns                          - Undefined Weak Reference
    _clock_init                               - Undefined Weak Reference
    _fp_trap_init                             - Undefined Weak Reference
    _fp_trap_shutdown                         - Undefined Weak Reference
    _get_lc_collate                           - Undefined Weak Reference
    _get_lc_ctype                             - Undefined Weak Reference
    _get_lc_monetary                          - Undefined Weak Reference
    _get_lc_time                              - Undefined Weak Reference
    _getenv_init                              - Undefined Weak Reference
    _handle_redirection                       - Undefined Weak Reference
    _init_alloc                               - Undefined Weak Reference
    _init_user_alloc                          - Undefined Weak Reference
    _initio                                   - Undefined Weak Reference
    _printf_post_padding                      - Undefined Weak Reference
    _printf_pre_padding                       - Undefined Weak Reference
    _rand_init                                - Undefined Weak Reference
    _signal_finish                            - Undefined Weak Reference
    _signal_init                              - Undefined Weak Reference
    _terminate_alloc                          - Undefined Weak Reference
    _terminate_user_alloc                     - Undefined Weak Reference
    _terminateio                              - Undefined Weak Reference
    __Vectors_End                            0x000000c0   Data           0  startup_mkl05z4.o(RESET)
    __Vectors_Size                           0x000000c0   Number         0  startup_mkl05z4.o ABSOLUTE
    __main                                   0x000000c1   Thumb Code     8  __main.o(!!!main)
    __scatterload                            0x000000c9   Thumb Code     0  __scatter.o(!!!scatter)
    __scatterload_rt2                        0x000000c9   Thumb Code    52  __scatter.o(!!!scatter)
    __scatterload_rt2_thumb_only             0x000000c9   Thumb Code     0  __scatter.o(!!!scatter)
    __scatterload_null                       0x000000d9   Thumb Code     0  __scatter.o(!!!scatter)
    __scatterload_copy                       0x00000105   Thumb Code    26  __scatter_copy.o(!!handler_copy)
    __scatterload_zeroinit                   0x00000121   Thumb Code    28  __scatter_zi.o(!!handler_zi)
    _printf_percent                          0x0000013d   Thumb Code     0  _printf_percent.o(.ARM.Collect$$_printf_percent$$00000000)
    _printf_f                                0x0000013f   Thumb Code     0  _printf_f.o(.ARM.Collect$$_printf_percent$$00000003)
    _printf_percent_end                      0x00000149   Thumb Code     0  _printf_percent_end.o(.ARM.Collect$$_printf_percent$$00000017)
    __rt_lib_init                            0x0000014d   Thumb Code     0  libinit.o(.ARM.Collect$$libinit$$00000000)
    __rt_lib_init_fp_1                       0x0000014f   Thumb Code     0  libinit2.o(.ARM.Collect$$libinit$$00000002)
    __rt_lib_init_heap_1                     0x0000014f   Thumb Code     0  libinit2.o(.ARM.Collect$$libinit$$0000000A)
    __rt_lib_init_lc_common                  0x0000014f   Thumb Code     0  libinit2.o(.ARM.Collect$$libinit$$0000000F)
    __rt_lib_init_preinit_1                  0x0000014f   Thumb Code     0  libinit2.o(.ARM.Collect$$libinit$$00000004)
    __rt_lib_init_rand_1                     0x0000014f   Thumb Code     0  libinit2.o(.ARM.Collect$$libinit$$0000000E)
    __rt_lib_init_user_alloc_1               0x0000014f   Thumb Code     0  libinit2.o(.ARM.Collect$$libinit$$0000000C)
    __rt_lib_init_lc_collate_1               0x00000155   Thumb Code     0  libinit2.o(.ARM.Collect$$libinit$$00000011)
    __rt_lib_init_lc_ctype_1                 0x00000155   Thumb Code     0  libinit2.o(.ARM.Collect$$libinit$$00000013)
    __rt_lib_init_lc_monetary_1              0x00000155   Thumb Code     0  libinit2.o(.ARM.Collect$$libinit$$00000015)
    __rt_lib_init_lc_numeric_2               0x00000155   Thumb Code     0  libinit2.o(.ARM.Collect$$libinit$$00000016)
    __rt_lib_init_alloca_1                   0x0000015f   Thumb Code     0  libinit2.o(.ARM.Collect$$libinit$$0000002E)
    __rt_lib_init_argv_1                     0x0000015f   Thumb Code     0  libinit2.o(.ARM.Collect$$libinit$$0000002C)
    __rt_lib_init_atexit_1                   0x0000015f   Thumb Code     0  libinit2.o(.ARM.Collect$$libinit$$0000001B)
    __rt_lib_init_clock_1                    0x0000015f   Thumb Code     0  libinit2.o(.ARM.Collect$$libinit$$00000021)
    __rt_lib_init_cpp_1                      0x0000015f   Thumb Code     0  libinit2.o(.ARM.Collect$$libinit$$00000032)
    __rt_lib_init_exceptions_1               0x0000015f   Thumb Code     0  libinit2.o(.ARM.Collect$$libinit$$00000030)
    __rt_lib_init_fp_trap_1                  0x0000015f   Thumb Code     0  libinit2.o(.ARM.Collect$$libinit$$0000001F)
    __rt_lib_init_getenv_1                   0x0000015f   Thumb Code     0  libinit2.o(.ARM.Collect$$libinit$$00000023)
    __rt_lib_init_lc_numeric_1               0x0000015f   Thumb Code     0  libinit2.o(.ARM.Collect$$libinit$$00000017)
    __rt_lib_init_lc_time_1                  0x0000015f   Thumb Code     0  libinit2.o(.ARM.Collect$$libinit$$00000019)
    __rt_lib_init_return                     0x0000015f   Thumb Code     0  libinit2.o(.ARM.Collect$$libinit$$00000033)
    __rt_lib_init_signal_1                   0x0000015f   Thumb Code     0  libinit2.o(.ARM.Collect$$libinit$$0000001D)
    __rt_lib_init_stdio_1                    0x0000015f   Thumb Code     0  libinit2.o(.ARM.Collect$$libinit$$00000025)
    __rt_lib_shutdown                        0x00000161   Thumb Code     0  libshutdown.o(.ARM.Collect$$libshutdown$$00000000)
    __rt_lib_shutdown_cpp_1                  0x00000163   Thumb Code     0  libshutdown2.o(.ARM.Collect$$libshutdown$$00000004)
    __rt_lib_shutdown_fini_1                 0x00000163   Thumb Code     0  libshutdown2.o(.ARM.Collect$$libshutdown$$00000002)
    __rt_lib_shutdown_fp_trap_1              0x00000163   Thumb Code     0  libshutdown2.o(.ARM.Collect$$libshutdown$$00000009)
    __rt_lib_shutdown_heap_1                 0x00000163   Thumb Code     0  libshutdown2.o(.ARM.Collect$$libshutdown$$00000011)
    __rt_lib_shutdown_return                 0x00000163   Thumb Code     0  libshutdown2.o(.ARM.Collect$$libshutdown$$00000012)
    __rt_lib_shutdown_signal_1               0x00000163   Thumb Code     0  libshutdown2.o(.ARM.Collect$$libshutdown$$0000000C)
    __rt_lib_shutdown_stdio_1                0x00000163   Thumb Code     0  libshutdown2.o(.ARM.Collect$$libshutdown$$00000006)
    __rt_lib_shutdown_user_alloc_1           0x00000163   Thumb Code     0  libshutdown2.o(.ARM.Collect$$libshutdown$$0000000E)
    __rt_entry                               0x00000165   Thumb Code     0  __rtentry.o(.ARM.Collect$$rtentry$$00000000)
    __rt_entry_presh_1                       0x00000165   Thumb Code     0  __rtentry2.o(.ARM.Collect$$rtentry$$00000002)
    __rt_entry_sh                            0x00000165   Thumb Code     0  __rtentry4.o(.ARM.Collect$$rtentry$$00000004)
    __rt_entry_li                            0x0000016b   Thumb Code     0  __rtentry2.o(.ARM.Collect$$rtentry$$0000000A)
    __rt_entry_postsh_1                      0x0000016b   Thumb Code     0  __rtentry2.o(.ARM.Collect$$rtentry$$00000009)
    __rt_entry_main                          0x0000016f   Thumb Code     0  __rtentry2.o(.ARM.Collect$$rtentry$$0000000D)
    __rt_entry_postli_1                      0x0000016f   Thumb Code     0  __rtentry2.o(.ARM.Collect$$rtentry$$0000000C)
    __rt_exit                                0x00000177   Thumb Code     0  rtexit.o(.ARM.Collect$$rtexit$$00000000)
    __rt_exit_ls                             0x00000179   Thumb Code     0  rtexit2.o(.ARM.Collect$$rtexit$$00000003)
    __rt_exit_prels_1                        0x00000179   Thumb Code     0  rtexit2.o(.ARM.Collect$$rtexit$$00000002)
    __rt_exit_exit                           0x0000017d   Thumb Code     0  rtexit2.o(.ARM.Collect$$rtexit$$00000004)
    __aeabi_memcpy4                          0x00000185   Thumb Code    56  rt_memcpy.o(.emb_text)
    __aeabi_memcpy8                          0x00000185   Thumb Code     0  rt_memcpy.o(.emb_text)
    Reset_Handler                            0x000001bd   Thumb Code     8  startup_mkl05z4.o(.text)
    NMI_Handler                              0x000001c5   Thumb Code     2  startup_mkl05z4.o(.text)
    HardFault_Handler                        0x000001c7   Thumb Code     2  startup_mkl05z4.o(.text)
    SVC_Handler                              0x000001c9   Thumb Code     2  startup_mkl05z4.o(.text)
    PendSV_Handler                           0x000001cb   Thumb Code     2  startup_mkl05z4.o(.text)
    SysTick_Handler                          0x000001cd   Thumb Code     2  startup_mkl05z4.o(.text)
    CMP0_IRQHandler                          0x000001cf   Thumb Code     0  startup_mkl05z4.o(.text)
    DAC0_IRQHandler                          0x000001cf   Thumb Code     0  startup_mkl05z4.o(.text)
    DMA0_IRQHandler                          0x000001cf   Thumb Code     0  startup_mkl05z4.o(.text)
    DMA1_IRQHandler                          0x000001cf   Thumb Code     0  startup_mkl05z4.o(.text)
    DMA2_IRQHandler                          0x000001cf   Thumb Code     0  startup_mkl05z4.o(.text)
    DMA3_IRQHandler                          0x000001cf   Thumb Code     0  startup_mkl05z4.o(.text)
    DefaultISR                               0x000001cf   Thumb Code     0  startup_mkl05z4.o(.text)
    FTFA_IRQHandler                          0x000001cf   Thumb Code     0  startup_mkl05z4.o(.text)
    I2C0_IRQHandler                          0x000001cf   Thumb Code     0  startup_mkl05z4.o(.text)
    LLW_IRQHandler                           0x000001cf   Thumb Code     0  startup_mkl05z4.o(.text)
    LPTimer_IRQHandler                       0x000001cf   Thumb Code     0  startup_mkl05z4.o(.text)
    LVD_LVW_IRQHandler                       0x000001cf   Thumb Code     0  startup_mkl05z4.o(.text)
    MCG_IRQHandler                           0x000001cf   Thumb Code     0  startup_mkl05z4.o(.text)
    PORTA_IRQHandler                         0x000001cf   Thumb Code     0  startup_mkl05z4.o(.text)
    PORTB_IRQHandler                         0x000001cf   Thumb Code     0  startup_mkl05z4.o(.text)
    RTC_IRQHandler                           0x000001cf   Thumb Code     0  startup_mkl05z4.o(.text)
    RTC_Seconds_IRQHandler                   0x000001cf   Thumb Code     0  startup_mkl05z4.o(.text)
    Reserved20_IRQHandler                    0x000001cf   Thumb Code     0  startup_mkl05z4.o(.text)
    Reserved25_IRQHandler                    0x000001cf   Thumb Code     0  startup_mkl05z4.o(.text)
    Reserved27_IRQHandler                    0x000001cf   Thumb Code     0  startup_mkl05z4.o(.text)
    Reserved29_IRQHandler                    0x000001cf   Thumb Code     0  startup_mkl05z4.o(.text)
    Reserved30_IRQHandler                    0x000001cf   Thumb Code     0  startup_mkl05z4.o(.text)
    Reserved35_IRQHandler                    0x000001cf   Thumb Code     0  startup_mkl05z4.o(.text)
    Reserved39_IRQHandler                    0x000001cf   Thumb Code     0  startup_mkl05z4.o(.text)
    Reserved40_IRQHandler                    0x000001cf   Thumb Code     0  startup_mkl05z4.o(.text)
    Reserved45_IRQHandler                    0x000001cf   Thumb Code     0  startup_mkl05z4.o(.text)
    SPI0_IRQHandler                          0x000001cf   Thumb Code     0  startup_mkl05z4.o(.text)
    TPM0_IRQHandler                          0x000001cf   Thumb Code     0  startup_mkl05z4.o(.text)
    TPM1_IRQHandler                          0x000001cf   Thumb Code     0  startup_mkl05z4.o(.text)
    TSI0_IRQHandler                          0x000001cf   Thumb Code     0  startup_mkl05z4.o(.text)
    UART0_IRQHandler                         0x000001cf   Thumb Code     0  startup_mkl05z4.o(.text)
    __user_initial_stackheap                 0x000001d1   Thumb Code     0  startup_mkl05z4.o(.text)
    __2sprintf                               0x000001f1   Thumb Code    36  noretval__2sprintf.o(.text)
    __printf                                 0x00000219   Thumb Code   270  __printf_wp.o(.text)
    __use_two_region_memory                  0x00000327   Thumb Code     2  heapauxi.o(.text)
    __rt_heap_escrow$2region                 0x00000329   Thumb Code     2  heapauxi.o(.text)
    __rt_heap_expand$2region                 0x0000032b   Thumb Code     2  heapauxi.o(.text)
    __aeabi_f2d                              0x0000032d   Thumb Code     0  f2d.o(.text)
    _f2d                                     0x0000032d   Thumb Code    80  f2d.o(.text)
    __aeabi_i2f_normalise                    0x00000381   Thumb Code    72  fflti.o(.text)
    __aeabi_i2f                              0x000003c9   Thumb Code    16  fflti.o(.text)
    _fflt                                    0x000003c9   Thumb Code     0  fflti.o(.text)
    __aeabi_ui2f                             0x000003d9   Thumb Code     6  fflti.o(.text)
    _ffltu                                   0x000003d9   Thumb Code     0  fflti.o(.text)
    _sputc                                   0x000003df   Thumb Code    10  _sputc.o(.text)
    __rt_locale                              0x000003e9   Thumb Code     8  rt_locale_intlibspace.o(.text)
    __user_libspace                          0x000003f1   Thumb Code     8  libspace.o(.text)
    __user_perproc_libspace                  0x000003f1   Thumb Code     0  libspace.o(.text)
    __user_perthread_libspace                0x000003f1   Thumb Code     0  libspace.o(.text)
    __I$use$semihosting                      0x000003f9   Thumb Code     0  use_no_semi.o(.text)
    __use_no_semihosting_swi                 0x000003f9   Thumb Code     2  use_no_semi.o(.text)
    __I$use$fp                               0x000003fa   Number         0  usenofp.o(x$fpl$usenofp)
    __semihosting_library_function           0x000003fb   Thumb Code     0  indicate_semi.o(.text)
    __aeabi_uidiv                            0x00000411   Thumb Code     0  aeabi_sdiv.o(.text)
    __aeabi_uidivmod                         0x00000411   Thumb Code    20  aeabi_sdiv.o(.text)
    __aeabi_idiv                             0x00000425   Thumb Code     0  aeabi_sdiv.o(.text)
    __aeabi_idivmod                          0x00000425   Thumb Code   326  aeabi_sdiv.o(.text)
    __aeabi_fdiv                             0x0000056d   Thumb Code     0  fdiv.o(.text)
    _fdiv                                    0x0000056d   Thumb Code   334  fdiv.o(.text)
    _frdiv                                   0x000006bb   Thumb Code     8  fdiv.o(.text)
    __lib_sel_fp_printf                      0x000006cd   Thumb Code     2  _printf_fp_dec.o(.text)
    _printf_fp_dec_real                      0x0000086b   Thumb Code   620  _printf_fp_dec.o(.text)
    _printf_char_common                      0x00000aef   Thumb Code    32  _printf_char_common.o(.text)
    _ll_udiv10                               0x00000b15   Thumb Code   122  lludiv10.o(.text)
    _printf_fp_infnan                        0x00000b91   Thumb Code   120  _printf_fp_infnan.o(.text)
    _btod_etento                             0x00000c19   Thumb Code   210  bigflt0.o(.text)
    _btod_d2e                                0x00000cf1   Thumb Code    64  btod.o(.text)
    _btod_emul                               0x00001125   Thumb Code    28  btod.o(.text)
    _btod_emuld                              0x00001141   Thumb Code   144  btod.o(.text)
    _btod_ediv                               0x000011d1   Thumb Code    26  btod.o(.text)
    _btod_edivd                              0x000011eb   Thumb Code   124  btod.o(.text)
    __rt_udiv10                              0x00001271   Thumb Code    40  rtudiv10.o(.text)
    __user_setup_stackheap                   0x00001299   Thumb Code    62  sys_stackheap_outer.o(.text)
    exit                                     0x000012d7   Thumb Code    16  exit.o(.text)
    strcmp                                   0x000012e9   Thumb Code   132  strcmp.o(.text)
    _sys_exit                                0x00001371   Thumb Code     8  sys_exit.o(.text)
    ADC0_IRQHandler                          0x0000137d   Thumb Code   116  main.o(i.ADC0_IRQHandler)
    ADC_Init                                 0x0000140d   Thumb Code   282  adc.o(i.ADC_Init)
    I2C_Init                                 0x0000153d   Thumb Code   134  i2c.o(i.I2C_Init)
    I2C_Write                                0x000015d1   Thumb Code    60  i2c.o(i.I2C_Write)
    LCD1602_Backlight                        0x00001611   Thumb Code    16  lcd1602.o(i.LCD1602_Backlight)
    LCD1602_CheckAddress                     0x00001625   Thumb Code    48  lcd1602.o(i.LCD1602_CheckAddress)
    LCD1602_Init                             0x00001659   Thumb Code    74  lcd1602.o(i.LCD1602_Init)
    LCD1602_Print                            0x000016a9   Thumb Code    28  lcd1602.o(i.LCD1602_Print)
    LCD1602_SetCursor                        0x000016c5   Thumb Code    30  lcd1602.o(i.LCD1602_SetCursor)
    LCD1602_Write4                           0x000016e5   Thumb Code    74  lcd1602.o(i.LCD1602_Write4)
    LCD1602_Write8                           0x00001735   Thumb Code    28  lcd1602.o(i.LCD1602_Write8)
    PCF8574_Write                            0x00001751   Thumb Code    32  lcd1602.o(i.PCF8574_Write)
    PIT_IRQHandler                           0x00001779   Thumb Code    26  main.o(i.PIT_IRQHandler)
    PIT_Init                                 0x0000179d   Thumb Code   100  pit.o(i.PIT_Init)
    SystemInit                               0x00001819   Thumb Code    78  system_mkl05z4.o(i.SystemInit)
    __ARM_common_ll_muluu                    0x00001875   Thumb Code    48  btod.o(i.__ARM_common_ll_muluu)
    __ARM_fpclassify                         0x000018a5   Thumb Code    40  fpclassify.o(i.__ARM_fpclassify)
    _is_digit                                0x000018d1   Thumb Code    14  __printf_wp.o(i._is_digit)
    i2c_disable                              0x000018e1   Thumb Code    14  i2c.o(i.i2c_disable)
    i2c_enable                               0x000018f5   Thumb Code    14  i2c.o(i.i2c_enable)
    i2c_m_start                              0x00001909   Thumb Code    14  i2c.o(i.i2c_m_start)
    i2c_m_stop                               0x0000191d   Thumb Code    14  i2c.o(i.i2c_m_stop)
    i2c_send                                 0x00001931   Thumb Code     6  i2c.o(i.i2c_send)
    i2c_tran                                 0x0000193d   Thumb Code    14  i2c.o(i.i2c_tran)
    i2c_wait                                 0x00001951   Thumb Code   100  i2c.o(i.i2c_wait)
    main                                     0x000019c5   Thumb Code   122  main.o(i.main)
    _get_lc_numeric                          0x00001a71   Thumb Code    44  lc_numeric_c.o(locale$$code)
    __aeabi_fadd                             0x00001a9d   Thumb Code     0  faddsub.o(x$fpl$fadd)
    _fadd                                    0x00001a9d   Thumb Code   134  faddsub.o(x$fpl$fadd)
    __aeabi_fmul                             0x00001b29   Thumb Code     0  fmul.o(x$fpl$fmul)
    _fmul                                    0x00001b29   Thumb Code   172  fmul.o(x$fpl$fmul)
    __aeabi_fsub                             0x00001bd9   Thumb Code     0  faddsub.o(x$fpl$fsub)
    _fsub                                    0x00001bd9   Thumb Code   204  faddsub.o(x$fpl$fsub)
    _printf_fp_dec                           0x00001ca9   Thumb Code    16  printf1.o(x$fpl$printf1)
    Region$$Table$$Base                      0x00001d8c   Number         0  anon$$obj.o(Region$$Table)
    Region$$Table$$Limit                     0x00001dac   Number         0  anon$$obj.o(Region$$Table)
    volt_coeff                               0x1ffffc00   Data           4  main.o(.data)
    wynik_ok                                 0x1ffffc04   Data           1  main.o(.data)
    temp                                     0x1ffffc06   Data           2  main.o(.data)
    wynik                                    0x1ffffc08   Data           4  main.o(.data)
    bufor                                    0x1ffffc0c   Data           4  main.o(.data)
    pom                                      0x1ffffc10   Data           4  main.o(.data)
    SystemCoreClock                          0x1ffffc1c   Data           4  system_mkl05z4.o(.data)
    __libspace_start                         0x1ffffc20   Data          96  libspace.o(.bss)
    __temporary_stack_top$libspace           0x1ffffc80   Data           0  libspace.o(.bss)



==============================================================================

Memory Map of the image

  Image Entry point : 0x000001bd

  Load Region LR_1 (Base: 0x00000000, Size: 0x00001de8, Max: 0xffffffff, ABSOLUTE)

    Execution Region ER_RO (Exec base: 0x00000000, Load base: 0x00000000, Size: 0x00001dc8, Max: 0xffffffff, ABSOLUTE)

    Exec Addr    Load Addr    Size         Type   Attr      Idx    E Section Name        Object

    0x00000000   0x00000000   0x000000c0   Data   RO          301    RESET               startup_mkl05z4.o
    0x000000c0   0x000000c0   0x00000008   Code   RO          383  * !!!main             c_p.l(__main.o)
    0x000000c8   0x000000c8   0x0000003c   Code   RO          608    !!!scatter          c_p.l(__scatter.o)
    0x00000104   0x00000104   0x0000001a   Code   RO          610    !!handler_copy      c_p.l(__scatter_copy.o)
    0x0000011e   0x0000011e   0x00000002   PAD
    0x00000120   0x00000120   0x0000001c   Code   RO          612    !!handler_zi        c_p.l(__scatter_zi.o)
    0x0000013c   0x0000013c   0x00000002   Code   RO          372    .ARM.Collect$$_printf_percent$$00000000  c_p.l(_printf_percent.o)
    0x0000013e   0x0000013e   0x0000000a   Code   RO          371    .ARM.Collect$$_printf_percent$$00000003  c_p.l(_printf_f.o)
    0x00000148   0x00000148   0x00000004   Code   RO          413    .ARM.Collect$$_printf_percent$$00000017  c_p.l(_printf_percent_end.o)
    0x0000014c   0x0000014c   0x00000002   Code   RO          478    .ARM.Collect$$libinit$$00000000  c_p.l(libinit.o)
    0x0000014e   0x0000014e   0x00000000   Code   RO          480    .ARM.Collect$$libinit$$00000002  c_p.l(libinit2.o)
    0x0000014e   0x0000014e   0x00000000   Code   RO          482    .ARM.Collect$$libinit$$00000004  c_p.l(libinit2.o)
    0x0000014e   0x0000014e   0x00000000   Code   RO          485    .ARM.Collect$$libinit$$0000000A  c_p.l(libinit2.o)
    0x0000014e   0x0000014e   0x00000000   Code   RO          487    .ARM.Collect$$libinit$$0000000C  c_p.l(libinit2.o)
    0x0000014e   0x0000014e   0x00000000   Code   RO          489    .ARM.Collect$$libinit$$0000000E  c_p.l(libinit2.o)
    0x0000014e   0x0000014e   0x00000006   Code   RO          490    .ARM.Collect$$libinit$$0000000F  c_p.l(libinit2.o)
    0x00000154   0x00000154   0x00000000   Code   RO          492    .ARM.Collect$$libinit$$00000011  c_p.l(libinit2.o)
    0x00000154   0x00000154   0x00000000   Code   RO          494    .ARM.Collect$$libinit$$00000013  c_p.l(libinit2.o)
    0x00000154   0x00000154   0x00000000   Code   RO          496    .ARM.Collect$$libinit$$00000015  c_p.l(libinit2.o)
    0x00000154   0x00000154   0x0000000a   Code   RO          497    .ARM.Collect$$libinit$$00000016  c_p.l(libinit2.o)
    0x0000015e   0x0000015e   0x00000000   Code   RO          498    .ARM.Collect$$libinit$$00000017  c_p.l(libinit2.o)
    0x0000015e   0x0000015e   0x00000000   Code   RO          500    .ARM.Collect$$libinit$$00000019  c_p.l(libinit2.o)
    0x0000015e   0x0000015e   0x00000000   Code   RO          502    .ARM.Collect$$libinit$$0000001B  c_p.l(libinit2.o)
    0x0000015e   0x0000015e   0x00000000   Code   RO          504    .ARM.Collect$$libinit$$0000001D  c_p.l(libinit2.o)
    0x0000015e   0x0000015e   0x00000000   Code   RO          506    .ARM.Collect$$libinit$$0000001F  c_p.l(libinit2.o)
    0x0000015e   0x0000015e   0x00000000   Code   RO          508    .ARM.Collect$$libinit$$00000021  c_p.l(libinit2.o)
    0x0000015e   0x0000015e   0x00000000   Code   RO          510    .ARM.Collect$$libinit$$00000023  c_p.l(libinit2.o)
    0x0000015e   0x0000015e   0x00000000   Code   RO          512    .ARM.Collect$$libinit$$00000025  c_p.l(libinit2.o)
    0x0000015e   0x0000015e   0x00000000   Code   RO          516    .ARM.Collect$$libinit$$0000002C  c_p.l(libinit2.o)
    0x0000015e   0x0000015e   0x00000000   Code   RO          518    .ARM.Collect$$libinit$$0000002E  c_p.l(libinit2.o)
    0x0000015e   0x0000015e   0x00000000   Code   RO          520    .ARM.Collect$$libinit$$00000030  c_p.l(libinit2.o)
    0x0000015e   0x0000015e   0x00000000   Code   RO          522    .ARM.Collect$$libinit$$00000032  c_p.l(libinit2.o)
    0x0000015e   0x0000015e   0x00000002   Code   RO          523    .ARM.Collect$$libinit$$00000033  c_p.l(libinit2.o)
    0x00000160   0x00000160   0x00000002   Code   RO          571    .ARM.Collect$$libshutdown$$00000000  c_p.l(libshutdown.o)
    0x00000162   0x00000162   0x00000000   Code   RO          589    .ARM.Collect$$libshutdown$$00000002  c_p.l(libshutdown2.o)
    0x00000162   0x00000162   0x00000000   Code   RO          591    .ARM.Collect$$libshutdown$$00000004  c_p.l(libshutdown2.o)
    0x00000162   0x00000162   0x00000000   Code   RO          593    .ARM.Collect$$libshutdown$$00000006  c_p.l(libshutdown2.o)
    0x00000162   0x00000162   0x00000000   Code   RO          596    .ARM.Collect$$libshutdown$$00000009  c_p.l(libshutdown2.o)
    0x00000162   0x00000162   0x00000000   Code   RO          599    .ARM.Collect$$libshutdown$$0000000C  c_p.l(libshutdown2.o)
    0x00000162   0x00000162   0x00000000   Code   RO          601    .ARM.Collect$$libshutdown$$0000000E  c_p.l(libshutdown2.o)
    0x00000162   0x00000162   0x00000000   Code   RO          604    .ARM.Collect$$libshutdown$$00000011  c_p.l(libshutdown2.o)
    0x00000162   0x00000162   0x00000002   Code   RO          605    .ARM.Collect$$libshutdown$$00000012  c_p.l(libshutdown2.o)
    0x00000164   0x00000164   0x00000000   Code   RO          402    .ARM.Collect$$rtentry$$00000000  c_p.l(__rtentry.o)
    0x00000164   0x00000164   0x00000000   Code   RO          416    .ARM.Collect$$rtentry$$00000002  c_p.l(__rtentry2.o)
    0x00000164   0x00000164   0x00000006   Code   RO          428    .ARM.Collect$$rtentry$$00000004  c_p.l(__rtentry4.o)
    0x0000016a   0x0000016a   0x00000000   Code   RO          418    .ARM.Collect$$rtentry$$00000009  c_p.l(__rtentry2.o)
    0x0000016a   0x0000016a   0x00000004   Code   RO          419    .ARM.Collect$$rtentry$$0000000A  c_p.l(__rtentry2.o)
    0x0000016e   0x0000016e   0x00000000   Code   RO          421    .ARM.Collect$$rtentry$$0000000C  c_p.l(__rtentry2.o)
    0x0000016e   0x0000016e   0x00000008   Code   RO          422    .ARM.Collect$$rtentry$$0000000D  c_p.l(__rtentry2.o)
    0x00000176   0x00000176   0x00000002   Code   RO          525    .ARM.Collect$$rtexit$$00000000  c_p.l(rtexit.o)
    0x00000178   0x00000178   0x00000000   Code   RO          540    .ARM.Collect$$rtexit$$00000002  c_p.l(rtexit2.o)
    0x00000178   0x00000178   0x00000004   Code   RO          541    .ARM.Collect$$rtexit$$00000003  c_p.l(rtexit2.o)
    0x0000017c   0x0000017c   0x00000006   Code   RO          542    .ARM.Collect$$rtexit$$00000004  c_p.l(rtexit2.o)
    0x00000182   0x00000182   0x00000002   PAD
    0x00000184   0x00000184   0x00000038   Code   RO          373    .emb_text           c_p.l(rt_memcpy.o)
    0x000001bc   0x000001bc   0x00000034   Code   RO          303  * .text               startup_mkl05z4.o
    0x000001f0   0x000001f0   0x00000028   Code   RO          347    .text               c_p.l(noretval__2sprintf.o)
    0x00000218   0x00000218   0x0000010e   Code   RO          359    .text               c_p.l(__printf_wp.o)
    0x00000326   0x00000326   0x00000006   Code   RO          381    .text               c_p.l(heapauxi.o)
    0x0000032c   0x0000032c   0x00000054   Code   RO          385    .text               fz_ps.l(f2d.o)
    0x00000380   0x00000380   0x0000005e   Code   RO          396    .text               fz_ps.l(fflti.o)
    0x000003de   0x000003de   0x0000000a   Code   RO          411    .text               c_p.l(_sputc.o)
    0x000003e8   0x000003e8   0x00000008   Code   RO          435    .text               c_p.l(rt_locale_intlibspace.o)
    0x000003f0   0x000003f0   0x00000008   Code   RO          459    .text               c_p.l(libspace.o)
    0x000003f8   0x000003f8   0x00000002   Code   RO          558    .text               c_p.l(use_no_semi.o)
    0x000003fa   0x000003fa   0x00000000   Code   RO          560    .text               c_p.l(indicate_semi.o)
    0x000003fa   0x000003fa   0x00000000   Code   RO          414    x$fpl$usenofp       fz_ps.l(usenofp.o)
    0x000003fa   0x000003fa   0x00000006   PAD
    0x00000400   0x00000400   0x00000010   Code   RO          302    .ARM.__at_0x400     startup_mkl05z4.o
    0x00000410   0x00000410   0x0000015a   Code   RO          377    .text               c_p.l(aeabi_sdiv.o)
    0x0000056a   0x0000056a   0x00000002   PAD
    0x0000056c   0x0000056c   0x00000160   Code   RO          393    .text               fz_ps.l(fdiv.o)
    0x000006cc   0x000006cc   0x00000418   Code   RO          407    .text               c_p.l(_printf_fp_dec.o)
    0x00000ae4   0x00000ae4   0x00000030   Code   RO          409    .text               c_p.l(_printf_char_common.o)
    0x00000b14   0x00000b14   0x0000007a   Code   RO          437    .text               c_p.l(lludiv10.o)
    0x00000b8e   0x00000b8e   0x00000002   PAD
    0x00000b90   0x00000b90   0x00000088   Code   RO          439    .text               c_p.l(_printf_fp_infnan.o)
    0x00000c18   0x00000c18   0x000000d8   Code   RO          443    .text               c_p.l(bigflt0.o)
    0x00000cf0   0x00000cf0   0x00000580   Code   RO          446    .text               c_p.l(btod.o)
    0x00001270   0x00001270   0x00000028   Code   RO          453    .text               c_p.l(rtudiv10.o)
    0x00001298   0x00001298   0x0000003e   Code   RO          462    .text               c_p.l(sys_stackheap_outer.o)
    0x000012d6   0x000012d6   0x00000010   Code   RO          465    .text               c_p.l(exit.o)
    0x000012e6   0x000012e6   0x00000002   PAD
    0x000012e8   0x000012e8   0x00000088   Code   RO          471    .text               c_p.l(strcmp.o)
    0x00001370   0x00001370   0x0000000c   Code   RO          537    .text               c_p.l(sys_exit.o)
    0x0000137c   0x0000137c   0x00000090   Code   RO            3    i.ADC0_IRQHandler   main.o
    0x0000140c   0x0000140c   0x00000130   Code   RO           88    i.ADC_Init          adc.o
    0x0000153c   0x0000153c   0x00000094   Code   RO          108    i.I2C_Init          i2c.o
    0x000015d0   0x000015d0   0x00000040   Code   RO          109    i.I2C_Write         i2c.o
    0x00001610   0x00001610   0x00000014   Code   RO          187    i.LCD1602_Backlight  lcd1602.o
    0x00001624   0x00001624   0x00000034   Code   RO          190    i.LCD1602_CheckAddress  lcd1602.o
    0x00001658   0x00001658   0x00000050   Code   RO          192    i.LCD1602_Init      lcd1602.o
    0x000016a8   0x000016a8   0x0000001c   Code   RO          193    i.LCD1602_Print     lcd1602.o
    0x000016c4   0x000016c4   0x0000001e   Code   RO          195    i.LCD1602_SetCursor  lcd1602.o
    0x000016e2   0x000016e2   0x00000002   PAD
    0x000016e4   0x000016e4   0x00000050   Code   RO          196    i.LCD1602_Write4    lcd1602.o
    0x00001734   0x00001734   0x0000001c   Code   RO          197    i.LCD1602_Write8    lcd1602.o
    0x00001750   0x00001750   0x00000028   Code   RO          198    i.PCF8574_Write     lcd1602.o
    0x00001778   0x00001778   0x00000024   Code   RO            4    i.PIT_IRQHandler    main.o
    0x0000179c   0x0000179c   0x0000007c   Code   RO          281    i.PIT_Init          pit.o
    0x00001818   0x00001818   0x0000005c   Code   RO          312    i.SystemInit        system_mkl05z4.o
    0x00001874   0x00001874   0x00000030   Code   RO          448    i.__ARM_common_ll_muluu  c_p.l(btod.o)
    0x000018a4   0x000018a4   0x0000002c   Code   RO          457    i.__ARM_fpclassify  m_ps.l(fpclassify.o)
    0x000018d0   0x000018d0   0x0000000e   Code   RO          361    i._is_digit         c_p.l(__printf_wp.o)
    0x000018de   0x000018de   0x00000002   PAD
    0x000018e0   0x000018e0   0x00000014   Code   RO          110    i.i2c_disable       i2c.o
    0x000018f4   0x000018f4   0x00000014   Code   RO          111    i.i2c_enable        i2c.o
    0x00001908   0x00001908   0x00000014   Code   RO          113    i.i2c_m_start       i2c.o
    0x0000191c   0x0000191c   0x00000014   Code   RO          114    i.i2c_m_stop        i2c.o
    0x00001930   0x00001930   0x0000000c   Code   RO          115    i.i2c_send          i2c.o
    0x0000193c   0x0000193c   0x00000014   Code   RO          116    i.i2c_tran          i2c.o
    0x00001950   0x00001950   0x00000074   Code   RO          117    i.i2c_wait          i2c.o
    0x000019c4   0x000019c4   0x000000ac   Code   RO            5    i.main              main.o
    0x00001a70   0x00001a70   0x0000002c   Code   RO          451    locale$$code        c_p.l(lc_numeric_c.o)
    0x00001a9c   0x00001a9c   0x0000008c   Code   RO          387    x$fpl$fadd          fz_ps.l(faddsub.o)
    0x00001b28   0x00001b28   0x000000b0   Code   RO          398    x$fpl$fmul          fz_ps.l(fmul.o)
    0x00001bd8   0x00001bd8   0x000000d0   Code   RO          389    x$fpl$fsub          fz_ps.l(faddsub.o)
    0x00001ca8   0x00001ca8   0x00000010   Code   RO          400    x$fpl$printf1       fz_ps.l(printf1.o)
    0x00001cb8   0x00001cb8   0x00000040   Data   RO          394    .constdata          fz_ps.l(fdiv.o)
    0x00001cf8   0x00001cf8   0x00000094   Data   RO          444    .constdata          c_p.l(bigflt0.o)
    0x00001d8c   0x00001d8c   0x00000020   Data   RO          606    Region$$Table       anon$$obj.o
    0x00001dac   0x00001dac   0x0000001c   Data   RO          450    locale$$data        c_p.l(lc_numeric_c.o)


    Execution Region ER_RW (Exec base: 0x1ffffc00, Load base: 0x00001dc8, Size: 0x00000020, Max: 0xffffffff, ABSOLUTE)

    Exec Addr    Load Addr    Size         Type   Attr      Idx    E Section Name        Object

    0x1ffffc00   0x00001dc8   0x00000014   Data   RW            6    .data               main.o
    0x1ffffc14   0x00001ddc   0x00000004   Data   RW          118    .data               i2c.o
    0x1ffffc18   0x00001de0   0x00000002   Data   RW          200    .data               lcd1602.o
    0x1ffffc1a   0x00001de2   0x00000002   PAD
    0x1ffffc1c   0x00001de4   0x00000004   Data   RW          313    .data               system_mkl05z4.o


    Execution Region ER_ZI (Exec base: 0x1ffffc20, Load base: 0x00001de8, Size: 0x00000160, Max: 0xffffffff, ABSOLUTE)

    Exec Addr    Load Addr    Size         Type   Attr      Idx    E Section Name        Object

    0x1ffffc20        -       0x00000060   Zero   RW          460    .bss                c_p.l(libspace.o)
    0x1ffffc80        -       0x00000000   Zero   RW          300    HEAP                startup_mkl05z4.o
    0x1ffffc80        -       0x00000100   Zero   RW          299    STACK               startup_mkl05z4.o


==============================================================================

Image component sizes


      Code (inc. data)   RO Data    RW Data    ZI Data      Debug   Object Name

       304         22          0          0          0        779   adc.o
       440         70          0          4          0       3494   i2c.o
       358         28          0          2          0       3904   lcd1602.o
       352         88          0         20          0      90201   main.o
       124         24          0          0          0        635   pit.o
        68         38        192          0        256        804   startup_mkl05z4.o
        92         14          0          4          0        671   system_mkl05z4.o

    ----------------------------------------------------------------------
      1740        284        224         32        256     100488   Object Totals
         0          0         32          0          0          0   (incl. Generated)
         2          0          0          2          0          0   (incl. Padding)

    ----------------------------------------------------------------------

      Code (inc. data)   RO Data    RW Data    ZI Data      Debug   Library Member Name

         8          0          0          0          0         68   __main.o
       284          0          0          0          0        136   __printf_wp.o
         0          0          0          0          0          0   __rtentry.o
        12          0          0          0          0          0   __rtentry2.o
         6          0          0          0          0          0   __rtentry4.o
        60          8          0          0          0          0   __scatter.o
        26          0          0          0          0          0   __scatter_copy.o
        28          0          0          0          0          0   __scatter_zi.o
        48          6          0          0          0         88   _printf_char_common.o
        10          0          0          0          0          0   _printf_f.o
      1048         14          0          0          0        176   _printf_fp_dec.o
       136         16          0          0          0         76   _printf_fp_infnan.o
         2          0          0          0          0          0   _printf_percent.o
         4          0          0          0          0          0   _printf_percent_end.o
        10          0          0          0          0         60   _sputc.o
       346          0          0          0          0         92   aeabi_sdiv.o
       216          6        148          0          0         80   bigflt0.o
      1456         30          0          0          0        336   btod.o
        16          0          0          0          0         68   exit.o
         6          0          0          0          0        136   heapauxi.o
         0          0          0          0          0          0   indicate_semi.o
        44         10         28          0          0         76   lc_numeric_c.o
         2          0          0          0          0          0   libinit.o
        18          0          0          0          0          0   libinit2.o
         2          0          0          0          0          0   libshutdown.o
         2          0          0          0          0          0   libshutdown2.o
         8          4          0          0         96         68   libspace.o
       122          0          0          0          0         72   lludiv10.o
        40          4          0          0          0         84   noretval__2sprintf.o
         8          4          0          0          0         68   rt_locale_intlibspace.o
        56          0          0          0          0         68   rt_memcpy.o
         2          0          0          0          0          0   rtexit.o
        10          0          0          0          0          0   rtexit2.o
        40          0          0          0          0         60   rtudiv10.o
       136          4          0          0          0         72   strcmp.o
        12          4          0          0          0         60   sys_exit.o
        62          0          0          0          0         80   sys_stackheap_outer.o
         2          0          0          0          0         68   use_no_semi.o
        84          4          0          0          0         60   f2d.o
       348          8          0          0          0        160   faddsub.o
       352         10         64          0          0         92   fdiv.o
        94          0          0          0          0         92   fflti.o
       176          4          0          0          0         80   fmul.o
        16          4          0          0          0         76   printf1.o
         0          0          0          0          0          0   usenofp.o
        44          4          0          0          0         60   fpclassify.o

    ----------------------------------------------------------------------
      5420        144        240          0         96       2712   Library Totals
        18          0          0          0          0          0   (incl. Padding)

    ----------------------------------------------------------------------

      Code (inc. data)   RO Data    RW Data    ZI Data      Debug   Library Name

      4288        110        176          0         96       2092   c_p.l
      1070         30         64          0          0        560   fz_ps.l
        44          4          0          0          0         60   m_ps.l

    ----------------------------------------------------------------------
      5420        144        240          0         96       2712   Library Totals

    ----------------------------------------------------------------------

==============================================================================


      Code (inc. data)   RO Data    RW Data    ZI Data      Debug   

      7160        428        464         32        352     100976   Grand Totals
      7160        428        464         32        352     100976   ELF Image Totals
      7160        428        464         32          0          0   ROM Totals

==============================================================================

    Total RO  Size (Code + RO Data)                 7624 (   7.45kB)
    Total RW  Size (RW Data + ZI Data)               384 (   0.38kB)
    Total ROM Size (Code + RO Data + RW Data)       7656 (   7.48kB)

==============================================================================

